2026-04-26 02:09:16 | INFO     | src.utils.seed_control | Global seed set to 42
2026-04-26 02:09:16 | INFO     | src.utils.seed_control | NumPy seed set.
2026-04-26 02:09:16 | INFO     | src.utils.seed_control | PyTorch seed set.
2026-04-26 02:09:19 | INFO     | src.utils.seed_control | HuggingFace transformers seed set.
2026-04-26 02:09:19 | INFO     | __main__ | === Identifiability Run: dataset=hallusionbench, model=llava_vicuna, intervention=visual_ruined ===
2026-04-26 02:09:19 | INFO     | src.data.loaders.base | [HallusionBenchLoader] Loaded 951 samples (split=all)
2026-04-26 02:09:19 | INFO     | __main__ | Loaded 951 samples.
2026-04-26 02:09:19 | INFO     | src.models.llava_vicuna | Loading LLaVA-1.6-Vicuna model: /home/models/llava-v1.6-vicuna-7b-hf
2026-04-26 02:09:19 | INFO     | src.models.llava_vicuna | Pinning model to cuda:0
2026-04-26 02:09:23 | INFO     | src.models.llava_vicuna | LLaVA-1.6-Vicuna loaded. model=/home/models/llava-v1.6-vicuna-7b-hf, device=cuda:0, dtype=float16
2026-04-26 02:09:23 | INFO     | __main__ | Model loaded.
2026-04-26 02:09:23 | INFO     | experiment.identifiability_visual_ruined_hallusionbench_llava_vicuna | ExperimentLogger initialized: results/identifiability/visual_ruined/llava_vicuna/hallusionbench.jsonl (experiment='identifiability_visual_ruined_hallusionbench_llava_vicuna')
2026-04-26 02:09:23 | INFO     | __main__ | Processing sample 0/951...
2026-04-26 02:12:52 | INFO     | __main__ | Processing sample 50/951...
2026-04-26 02:16:16 | INFO     | __main__ | Processing sample 100/951...
2026-04-26 02:20:11 | INFO     | __main__ | Processing sample 150/951...
2026-04-26 02:23:11 | INFO     | __main__ | Processing sample 200/951...
2026-04-26 02:26:08 | INFO     | __main__ | Processing sample 250/951...
2026-04-26 02:29:24 | INFO     | __main__ | Processing sample 300/951...
2026-04-26 02:32:07 | INFO     | __main__ | Processing sample 350/951...
2026-04-26 02:35:14 | INFO     | __main__ | Processing sample 400/951...
2026-04-26 02:38:16 | INFO     | __main__ | Processing sample 450/951...
2026-04-26 02:41:22 | INFO     | __main__ | Processing sample 500/951...
2026-04-26 02:44:40 | INFO     | __main__ | Processing sample 550/951...
2026-04-26 02:47:51 | INFO     | __main__ | Processing sample 600/951...
2026-04-26 02:51:09 | INFO     | __main__ | Processing sample 650/951...
2026-04-26 02:54:13 | INFO     | __main__ | Processing sample 700/951...
2026-04-26 02:57:00 | INFO     | __main__ | Processing sample 750/951...
2026-04-26 02:59:50 | INFO     | __main__ | Processing sample 800/951...
2026-04-26 03:02:58 | INFO     | __main__ | Processing sample 850/951...
2026-04-26 03:05:40 | INFO     | __main__ | Processing sample 900/951...
2026-04-26 03:08:17 | INFO     | __main__ | Processing sample 950/951...
2026-04-26 03:08:21 | INFO     | experiment.identifiability_visual_ruined_hallusionbench_llava_vicuna | Experiment summary: {
  "dataset": "hallusionbench",
  "model": "llava_vicuna",
  "intervention": "visual_ruined",
  "n_samples": 951
}
2026-04-26 03:08:21 | INFO     | experiment.identifiability_visual_ruined_hallusionbench_llava_vicuna | Summary saved to results/identifiability/visual_ruined/llava_vicuna/hallusionbench.summary.json
2026-04-26 03:08:21 | INFO     | __main__ | Done. Results saved to: results/identifiability/visual_ruined/llava_vicuna/hallusionbench.jsonl
