2026-04-23 22:32:35 | INFO     | src.utils.seed_control | Global seed set to 42
2026-04-23 22:32:35 | INFO     | src.utils.seed_control | NumPy seed set.
2026-04-23 22:32:35 | INFO     | src.utils.seed_control | PyTorch seed set.
2026-04-23 22:32:38 | INFO     | src.utils.seed_control | HuggingFace transformers seed set.
2026-04-23 22:32:38 | INFO     | __main__ | === Decomposition Run: dataset=hallusionbench, model=gemma_vl ===
2026-04-23 22:32:38 | INFO     | __main__ | Loading dataset...
2026-04-23 22:32:38 | INFO     | src.data.loaders.base | [HallusionBenchLoader] Loaded 951 samples (split=all)
2026-04-23 22:32:38 | INFO     | __main__ | Loaded 951 samples from hallusionbench
2026-04-23 22:32:38 | INFO     | __main__ | Loading model: gemma_vl...
2026-04-23 22:32:38 | INFO     | src.models.gemma_vl | Loading Gemma 4 model: /home/models/gemma-4-E4B-it
2026-04-23 22:32:38 | INFO     | src.models.gemma_vl | Pinning model to cuda:2
2026-04-23 22:32:45 | INFO     | src.models.gemma_vl | Gemma 4 loaded. model=/home/models/gemma-4-E4B-it, device=cuda:2, dtype=bfloat16
2026-04-23 22:32:45 | INFO     | __main__ | Model loaded successfully.
2026-04-23 22:32:45 | INFO     | __main__ | Forward passes per sample: 8
2026-04-23 22:32:45 | INFO     | __main__ | Estimated total forward passes: 7608
2026-04-23 22:32:45 | INFO     | experiment.decomp_hallusionbench_gemma_vl | ExperimentLogger initialized: results/decomposition/gemma_vl/hallusionbench.jsonl (experiment='decomp_hallusionbench_gemma_vl')
2026-04-23 22:32:45 | INFO     | __main__ | Processing sample 0/951...
2026-04-23 22:36:17 | INFO     | __main__ | Processing sample 50/951...
2026-04-23 22:39:38 | INFO     | __main__ | Processing sample 100/951...
2026-04-23 22:43:55 | INFO     | __main__ | Processing sample 150/951...
2026-04-23 22:47:49 | INFO     | __main__ | Processing sample 200/951...
2026-04-23 22:50:49 | INFO     | __main__ | Processing sample 250/951...
2026-04-23 22:53:17 | INFO     | __main__ | Processing sample 300/951...
2026-04-23 22:55:38 | INFO     | __main__ | Processing sample 350/951...
2026-04-23 22:57:59 | INFO     | __main__ | Processing sample 400/951...
2026-04-23 23:00:23 | INFO     | __main__ | Processing sample 450/951...
2026-04-23 23:02:37 | INFO     | __main__ | Processing sample 500/951...
2026-04-23 23:05:18 | INFO     | __main__ | Processing sample 550/951...
2026-04-23 23:07:54 | INFO     | __main__ | Processing sample 600/951...
2026-04-23 23:10:30 | INFO     | __main__ | Processing sample 650/951...
2026-04-23 23:12:52 | INFO     | __main__ | Processing sample 700/951...
2026-04-23 23:15:08 | INFO     | __main__ | Processing sample 750/951...
2026-04-23 23:17:18 | INFO     | __main__ | Processing sample 800/951...
2026-04-23 23:19:30 | INFO     | __main__ | Processing sample 850/951...
2026-04-23 23:22:02 | INFO     | __main__ | Processing sample 900/951...
2026-04-23 23:24:37 | INFO     | __main__ | Processing sample 950/951...
2026-04-23 23:24:41 | INFO     | experiment.decomp_hallusionbench_gemma_vl | Experiment summary: {
  "dataset": "hallusionbench",
  "model": "gemma_vl",
  "n_samples": 951,
  "passes_per_sample": 8
}
2026-04-23 23:24:41 | INFO     | experiment.decomp_hallusionbench_gemma_vl | Summary saved to results/decomposition/gemma_vl/hallusionbench.summary.json
2026-04-23 23:24:41 | INFO     | __main__ | Decomposition complete. Results saved to: results/decomposition/gemma_vl/hallusionbench.jsonl
