2026-04-22 05:13:03 | INFO     | src.utils.seed_control | Global seed set to 42
2026-04-22 05:13:03 | INFO     | src.utils.seed_control | NumPy seed set.
2026-04-22 05:13:03 | INFO     | src.utils.seed_control | PyTorch seed set.
2026-04-22 05:13:06 | INFO     | src.utils.seed_control | HuggingFace transformers seed set.
2026-04-22 05:13:06 | INFO     | __main__ | === Baseline Run: dataset=pope, model=llava_vicuna ===
2026-04-22 05:13:06 | INFO     | __main__ | Loading dataset...
2026-04-22 05:13:06 | INFO     | src.data.loaders.base | [POPELoader] Loaded 9000 samples (split=all)
2026-04-22 05:13:06 | INFO     | __main__ | Loaded 9000 samples from pope
2026-04-22 05:13:06 | INFO     | __main__ | Loading model: llava_vicuna (path=/home/models/llava-v1.6-vicuna-7b-hf, device=cuda:1)...
2026-04-22 05:13:06 | INFO     | src.models.llava_vicuna | Loading LLaVA-1.6-Vicuna model: /home/models/llava-v1.6-vicuna-7b-hf
2026-04-22 05:13:06 | INFO     | src.models.llava_vicuna | Pinning model to cuda:1
2026-04-22 05:13:10 | INFO     | src.models.llava_vicuna | LLaVA-1.6-Vicuna loaded. model=/home/models/llava-v1.6-vicuna-7b-hf, device=cuda:1, dtype=float16
2026-04-22 05:13:10 | INFO     | __main__ | Model loaded successfully.
2026-04-22 05:13:10 | INFO     | experiment.baseline_pope_llava_vicuna | ExperimentLogger initialized: results/baselines/llava_vicuna/pope.jsonl (experiment='baseline_pope_llava_vicuna')
2026-04-22 05:13:10 | INFO     | __main__ | Processing sample 0/9000...
2026-04-22 05:14:37 | INFO     | __main__ | Processing sample 100/9000...
2026-04-22 05:16:05 | INFO     | __main__ | Processing sample 200/9000...
2026-04-22 05:17:36 | INFO     | __main__ | Processing sample 300/9000...
2026-04-22 05:19:08 | INFO     | __main__ | Processing sample 400/9000...
2026-04-22 05:20:42 | INFO     | __main__ | Processing sample 500/9000...
2026-04-22 05:22:12 | INFO     | __main__ | Processing sample 600/9000...
2026-04-22 05:23:47 | INFO     | __main__ | Processing sample 700/9000...
2026-04-22 05:25:20 | INFO     | __main__ | Processing sample 800/9000...
2026-04-22 05:26:53 | INFO     | __main__ | Processing sample 900/9000...
2026-04-22 05:28:25 | INFO     | __main__ | Processing sample 1000/9000...
2026-04-22 05:29:57 | INFO     | __main__ | Processing sample 1100/9000...
2026-04-22 05:31:29 | INFO     | __main__ | Processing sample 1200/9000...
2026-04-22 05:32:54 | INFO     | __main__ | Processing sample 1300/9000...
2026-04-22 05:34:27 | INFO     | __main__ | Processing sample 1400/9000...
2026-04-22 05:36:01 | INFO     | __main__ | Processing sample 1500/9000...
2026-04-22 05:37:32 | INFO     | __main__ | Processing sample 1600/9000...
2026-04-22 05:39:04 | INFO     | __main__ | Processing sample 1700/9000...
2026-04-22 05:40:36 | INFO     | __main__ | Processing sample 1800/9000...
2026-04-22 05:42:14 | INFO     | __main__ | Processing sample 1900/9000...
2026-04-22 05:43:41 | INFO     | __main__ | Processing sample 2000/9000...
2026-04-22 05:45:12 | INFO     | __main__ | Processing sample 2100/9000...
2026-04-22 05:46:40 | INFO     | __main__ | Processing sample 2200/9000...
2026-04-22 05:48:11 | INFO     | __main__ | Processing sample 2300/9000...
2026-04-22 05:49:37 | INFO     | __main__ | Processing sample 2400/9000...
2026-04-22 05:51:10 | INFO     | __main__ | Processing sample 2500/9000...
2026-04-22 05:52:44 | INFO     | __main__ | Processing sample 2600/9000...
2026-04-22 05:54:15 | INFO     | __main__ | Processing sample 2700/9000...
2026-04-22 05:55:47 | INFO     | __main__ | Processing sample 2800/9000...
2026-04-22 05:57:19 | INFO     | __main__ | Processing sample 2900/9000...
2026-04-22 05:58:50 | INFO     | __main__ | Processing sample 3000/9000...
2026-04-22 06:00:17 | INFO     | __main__ | Processing sample 3100/9000...
2026-04-22 06:01:45 | INFO     | __main__ | Processing sample 3200/9000...
2026-04-22 06:03:16 | INFO     | __main__ | Processing sample 3300/9000...
2026-04-22 06:04:48 | INFO     | __main__ | Processing sample 3400/9000...
2026-04-22 06:06:21 | INFO     | __main__ | Processing sample 3500/9000...
2026-04-22 06:07:52 | INFO     | __main__ | Processing sample 3600/9000...
2026-04-22 06:09:28 | INFO     | __main__ | Processing sample 3700/9000...
2026-04-22 06:11:00 | INFO     | __main__ | Processing sample 3800/9000...
2026-04-22 06:12:33 | INFO     | __main__ | Processing sample 3900/9000...
2026-04-22 06:14:04 | INFO     | __main__ | Processing sample 4000/9000...
2026-04-22 06:15:35 | INFO     | __main__ | Processing sample 4100/9000...
2026-04-22 06:17:07 | INFO     | __main__ | Processing sample 4200/9000...
2026-04-22 06:18:32 | INFO     | __main__ | Processing sample 4300/9000...
2026-04-22 06:20:06 | INFO     | __main__ | Processing sample 4400/9000...
2026-04-22 06:21:38 | INFO     | __main__ | Processing sample 4500/9000...
2026-04-22 06:23:09 | INFO     | __main__ | Processing sample 4600/9000...
2026-04-22 06:24:41 | INFO     | __main__ | Processing sample 4700/9000...
2026-04-22 06:26:12 | INFO     | __main__ | Processing sample 4800/9000...
2026-04-22 06:27:49 | INFO     | __main__ | Processing sample 4900/9000...
2026-04-22 06:29:16 | INFO     | __main__ | Processing sample 5000/9000...
2026-04-22 06:30:46 | INFO     | __main__ | Processing sample 5100/9000...
2026-04-22 06:32:14 | INFO     | __main__ | Processing sample 5200/9000...
2026-04-22 06:33:44 | INFO     | __main__ | Processing sample 5300/9000...
2026-04-22 06:35:10 | INFO     | __main__ | Processing sample 5400/9000...
2026-04-22 06:36:43 | INFO     | __main__ | Processing sample 5500/9000...
2026-04-22 06:38:16 | INFO     | __main__ | Processing sample 5600/9000...
2026-04-22 06:39:47 | INFO     | __main__ | Processing sample 5700/9000...
2026-04-22 06:41:18 | INFO     | __main__ | Processing sample 5800/9000...
2026-04-22 06:42:49 | INFO     | __main__ | Processing sample 5900/9000...
2026-04-22 06:44:20 | INFO     | __main__ | Processing sample 6000/9000...
2026-04-22 06:45:47 | INFO     | __main__ | Processing sample 6100/9000...
2026-04-22 06:47:14 | INFO     | __main__ | Processing sample 6200/9000...
2026-04-22 06:48:45 | INFO     | __main__ | Processing sample 6300/9000...
2026-04-22 06:50:17 | INFO     | __main__ | Processing sample 6400/9000...
2026-04-22 06:51:50 | INFO     | __main__ | Processing sample 6500/9000...
2026-04-22 06:53:20 | INFO     | __main__ | Processing sample 6600/9000...
2026-04-22 06:54:56 | INFO     | __main__ | Processing sample 6700/9000...
2026-04-22 06:56:29 | INFO     | __main__ | Processing sample 6800/9000...
2026-04-22 06:58:02 | INFO     | __main__ | Processing sample 6900/9000...
2026-04-22 06:59:33 | INFO     | __main__ | Processing sample 7000/9000...
2026-04-22 07:01:04 | INFO     | __main__ | Processing sample 7100/9000...
2026-04-22 07:02:36 | INFO     | __main__ | Processing sample 7200/9000...
2026-04-22 07:04:01 | INFO     | __main__ | Processing sample 7300/9000...
2026-04-22 07:05:35 | INFO     | __main__ | Processing sample 7400/9000...
2026-04-22 07:07:08 | INFO     | __main__ | Processing sample 7500/9000...
2026-04-22 07:08:38 | INFO     | __main__ | Processing sample 7600/9000...
2026-04-22 07:10:11 | INFO     | __main__ | Processing sample 7700/9000...
2026-04-22 07:11:42 | INFO     | __main__ | Processing sample 7800/9000...
2026-04-22 07:13:19 | INFO     | __main__ | Processing sample 7900/9000...
2026-04-22 07:14:46 | INFO     | __main__ | Processing sample 8000/9000...
2026-04-22 07:16:15 | INFO     | __main__ | Processing sample 8100/9000...
2026-04-22 07:17:43 | INFO     | __main__ | Processing sample 8200/9000...
2026-04-22 07:19:13 | INFO     | __main__ | Processing sample 8300/9000...
2026-04-22 07:20:39 | INFO     | __main__ | Processing sample 8400/9000...
2026-04-22 07:22:12 | INFO     | __main__ | Processing sample 8500/9000...
2026-04-22 07:23:46 | INFO     | __main__ | Processing sample 8600/9000...
2026-04-22 07:25:16 | INFO     | __main__ | Processing sample 8700/9000...
2026-04-22 07:26:48 | INFO     | __main__ | Processing sample 8800/9000...
2026-04-22 07:28:20 | INFO     | __main__ | Processing sample 8900/9000...
2026-04-22 07:29:51 | INFO     | experiment.baseline_pope_llava_vicuna | Experiment summary: {
  "dataset": "pope",
  "model": "llava_vicuna",
  "n_samples": 9000,
  "accuracy": 0.8858888888888888,
  "per_family_accuracy": {
    "object_hallucination": {
      "accuracy": 0.8858888888888888,
      "correct": 7973,
      "count": 9000
    }
  },
  "binary_metrics": {
    "accuracy": 0.8858888888888888,
    "precision": 0.9437771530794786,
    "recall": 0.8206666666666667,
    "f1": 0.8779270177106858,
    "tp": 3693,
    "fp": 220,
    "fn": 807,
    "tn": 4280,
    "total": 9000
  }
}
2026-04-22 07:29:51 | INFO     | experiment.baseline_pope_llava_vicuna | Summary saved to results/baselines/llava_vicuna/pope.summary.json
2026-04-22 07:29:51 | INFO     | __main__ | Overall accuracy: 0.8859
2026-04-22 07:29:51 | INFO     | __main__ | Results saved to: results/baselines/llava_vicuna/pope.jsonl
