2026-04-22 07:35:20 | INFO     | src.utils.seed_control | Global seed set to 42
2026-04-22 07:35:20 | INFO     | src.utils.seed_control | NumPy seed set.
2026-04-22 07:35:20 | INFO     | src.utils.seed_control | PyTorch seed set.
2026-04-22 07:35:22 | INFO     | src.utils.seed_control | HuggingFace transformers seed set.
2026-04-22 07:35:22 | INFO     | __main__ | === Baseline Run: dataset=vizwiz, model=llava_vicuna ===
2026-04-22 07:35:22 | INFO     | __main__ | Loading dataset...
2026-04-22 07:35:22 | INFO     | src.data.loaders.base | [VizWizLoader] Loaded 4319 samples (split=val)
2026-04-22 07:35:22 | INFO     | __main__ | Loaded 4319 samples from vizwiz
2026-04-22 07:35:22 | INFO     | __main__ | Loading model: llava_vicuna (path=/home/models/llava-v1.6-vicuna-7b-hf, device=cuda:1)...
2026-04-22 07:35:22 | INFO     | src.models.llava_vicuna | Loading LLaVA-1.6-Vicuna model: /home/models/llava-v1.6-vicuna-7b-hf
2026-04-22 07:35:22 | INFO     | src.models.llava_vicuna | Pinning model to cuda:1
2026-04-22 07:35:26 | INFO     | src.models.llava_vicuna | LLaVA-1.6-Vicuna loaded. model=/home/models/llava-v1.6-vicuna-7b-hf, device=cuda:1, dtype=float16
2026-04-22 07:35:26 | INFO     | __main__ | Model loaded successfully.
2026-04-22 07:35:26 | INFO     | experiment.baseline_vizwiz_llava_vicuna | ExperimentLogger initialized: results/baselines/llava_vicuna/vizwiz.jsonl (experiment='baseline_vizwiz_llava_vicuna')
2026-04-22 07:35:26 | INFO     | __main__ | Processing sample 0/4319...
2026-04-22 07:37:28 | INFO     | __main__ | Processing sample 100/4319...
2026-04-22 07:39:30 | INFO     | __main__ | Processing sample 200/4319...
2026-04-22 07:41:32 | INFO     | __main__ | Processing sample 300/4319...
2026-04-22 07:43:34 | INFO     | __main__ | Processing sample 400/4319...
2026-04-22 07:45:36 | INFO     | __main__ | Processing sample 500/4319...
2026-04-22 07:47:37 | INFO     | __main__ | Processing sample 600/4319...
2026-04-22 07:49:37 | INFO     | __main__ | Processing sample 700/4319...
2026-04-22 07:51:37 | INFO     | __main__ | Processing sample 800/4319...
2026-04-22 07:53:38 | INFO     | __main__ | Processing sample 900/4319...
2026-04-22 07:55:43 | INFO     | __main__ | Processing sample 1000/4319...
2026-04-22 07:57:45 | INFO     | __main__ | Processing sample 1100/4319...
2026-04-22 07:59:47 | INFO     | __main__ | Processing sample 1200/4319...
2026-04-22 08:01:46 | INFO     | __main__ | Processing sample 1300/4319...
2026-04-22 08:03:44 | INFO     | __main__ | Processing sample 1400/4319...
2026-04-22 08:05:42 | INFO     | __main__ | Processing sample 1500/4319...
2026-04-22 08:07:42 | INFO     | __main__ | Processing sample 1600/4319...
2026-04-22 08:09:41 | INFO     | __main__ | Processing sample 1700/4319...
2026-04-22 08:11:41 | INFO     | __main__ | Processing sample 1800/4319...
2026-04-22 08:13:41 | INFO     | __main__ | Processing sample 1900/4319...
2026-04-22 08:15:40 | INFO     | __main__ | Processing sample 2000/4319...
2026-04-22 08:17:37 | INFO     | __main__ | Processing sample 2100/4319...
2026-04-22 08:19:36 | INFO     | __main__ | Processing sample 2200/4319...
2026-04-22 08:21:35 | INFO     | __main__ | Processing sample 2300/4319...
2026-04-22 08:23:35 | INFO     | __main__ | Processing sample 2400/4319...
2026-04-22 08:25:35 | INFO     | __main__ | Processing sample 2500/4319...
2026-04-22 08:27:35 | INFO     | __main__ | Processing sample 2600/4319...
2026-04-22 08:29:35 | INFO     | __main__ | Processing sample 2700/4319...
2026-04-22 08:31:34 | INFO     | __main__ | Processing sample 2800/4319...
2026-04-22 08:33:33 | INFO     | __main__ | Processing sample 2900/4319...
2026-04-22 08:35:33 | INFO     | __main__ | Processing sample 3000/4319...
2026-04-22 08:37:34 | INFO     | __main__ | Processing sample 3100/4319...
2026-04-22 08:39:34 | INFO     | __main__ | Processing sample 3200/4319...
2026-04-22 08:41:34 | INFO     | __main__ | Processing sample 3300/4319...
2026-04-22 08:43:33 | INFO     | __main__ | Processing sample 3400/4319...
2026-04-22 08:45:32 | INFO     | __main__ | Processing sample 3500/4319...
2026-04-22 08:47:31 | INFO     | __main__ | Processing sample 3600/4319...
2026-04-22 08:49:30 | INFO     | __main__ | Processing sample 3700/4319...
2026-04-22 08:51:31 | INFO     | __main__ | Processing sample 3800/4319...
2026-04-22 08:53:30 | INFO     | __main__ | Processing sample 3900/4319...
2026-04-22 08:55:29 | INFO     | __main__ | Processing sample 4000/4319...
2026-04-22 08:57:29 | INFO     | __main__ | Processing sample 4100/4319...
2026-04-22 08:59:28 | INFO     | __main__ | Processing sample 4200/4319...
2026-04-22 09:01:27 | INFO     | __main__ | Processing sample 4300/4319...
2026-04-22 09:01:50 | INFO     | experiment.baseline_vizwiz_llava_vicuna | Experiment summary: {
  "dataset": "vizwiz",
  "model": "llava_vicuna",
  "n_samples": 4319,
  "accuracy": 0.45519796249131744,
  "per_family_accuracy": {
    "answerability": {
      "accuracy": 0.699638989169675,
      "correct": 969,
      "count": 1385
    },
    "none": {
      "accuracy": 0.3398091342876619,
      "correct": 997,
      "count": 2934
    }
  }
}
2026-04-22 09:01:50 | INFO     | experiment.baseline_vizwiz_llava_vicuna | Summary saved to results/baselines/llava_vicuna/vizwiz.summary.json
2026-04-22 09:01:50 | INFO     | __main__ | Overall accuracy: 0.4552
2026-04-22 09:01:50 | INFO     | __main__ | Results saved to: results/baselines/llava_vicuna/vizwiz.jsonl
