2026-04-22 13:05:07 | INFO     | src.utils.seed_control | Global seed set to 42
2026-04-22 13:05:07 | INFO     | src.utils.seed_control | NumPy seed set.
2026-04-22 13:05:07 | INFO     | src.utils.seed_control | PyTorch seed set.
2026-04-22 13:05:09 | INFO     | src.utils.seed_control | HuggingFace transformers seed set.
2026-04-22 13:05:09 | INFO     | __main__ | === Baseline Run: dataset=pope, model=gemma_vl ===
2026-04-22 13:05:09 | INFO     | __main__ | Loading dataset...
2026-04-22 13:05:09 | INFO     | src.data.loaders.base | [POPELoader] Loaded 9000 samples (split=all)
2026-04-22 13:05:09 | INFO     | __main__ | Loaded 9000 samples from pope
2026-04-22 13:05:09 | INFO     | __main__ | Loading model: gemma_vl (path=/home/models/gemma-4-E4B-it, device=cuda:1)...
2026-04-22 13:05:10 | INFO     | src.models.gemma_vl | Loading Gemma 4 model: /home/models/gemma-4-E4B-it
2026-04-22 13:05:10 | INFO     | src.models.gemma_vl | Pinning model to cuda:1
2026-04-22 13:05:16 | INFO     | src.models.gemma_vl | Gemma 4 loaded. model=/home/models/gemma-4-E4B-it, device=cuda:1, dtype=bfloat16
2026-04-22 13:05:16 | INFO     | __main__ | Model loaded successfully.
2026-04-22 13:05:16 | INFO     | experiment.baseline_pope_gemma_vl | ExperimentLogger initialized: results/baselines/gemma_vl/pope.jsonl (experiment='baseline_pope_gemma_vl')
2026-04-22 13:05:16 | INFO     | __main__ | Processing sample 0/9000...
2026-04-22 13:06:35 | INFO     | __main__ | Processing sample 100/9000...
2026-04-22 13:07:53 | INFO     | __main__ | Processing sample 200/9000...
2026-04-22 13:09:11 | INFO     | __main__ | Processing sample 300/9000...
2026-04-22 13:10:28 | INFO     | __main__ | Processing sample 400/9000...
2026-04-22 13:11:46 | INFO     | __main__ | Processing sample 500/9000...
2026-04-22 13:13:05 | INFO     | __main__ | Processing sample 600/9000...
2026-04-22 13:14:23 | INFO     | __main__ | Processing sample 700/9000...
2026-04-22 13:15:42 | INFO     | __main__ | Processing sample 800/9000...
2026-04-22 13:17:00 | INFO     | __main__ | Processing sample 900/9000...
2026-04-22 13:18:19 | INFO     | __main__ | Processing sample 1000/9000...
2026-04-22 13:19:37 | INFO     | __main__ | Processing sample 1100/9000...
2026-04-22 13:20:55 | INFO     | __main__ | Processing sample 1200/9000...
2026-04-22 13:22:14 | INFO     | __main__ | Processing sample 1300/9000...
2026-04-22 13:23:32 | INFO     | __main__ | Processing sample 1400/9000...
2026-04-22 13:24:51 | INFO     | __main__ | Processing sample 1500/9000...
2026-04-22 13:26:09 | INFO     | __main__ | Processing sample 1600/9000...
2026-04-22 13:27:27 | INFO     | __main__ | Processing sample 1700/9000...
2026-04-22 13:28:46 | INFO     | __main__ | Processing sample 1800/9000...
2026-04-22 13:30:05 | INFO     | __main__ | Processing sample 1900/9000...
2026-04-22 13:31:23 | INFO     | __main__ | Processing sample 2000/9000...
2026-04-22 13:32:42 | INFO     | __main__ | Processing sample 2100/9000...
2026-04-22 13:34:00 | INFO     | __main__ | Processing sample 2200/9000...
2026-04-22 13:35:18 | INFO     | __main__ | Processing sample 2300/9000...
2026-04-22 13:36:37 | INFO     | __main__ | Processing sample 2400/9000...
2026-04-22 13:37:55 | INFO     | __main__ | Processing sample 2500/9000...
2026-04-22 13:39:13 | INFO     | __main__ | Processing sample 2600/9000...
2026-04-22 13:40:31 | INFO     | __main__ | Processing sample 2700/9000...
2026-04-22 13:41:49 | INFO     | __main__ | Processing sample 2800/9000...
2026-04-22 13:43:08 | INFO     | __main__ | Processing sample 2900/9000...
2026-04-22 13:44:26 | INFO     | __main__ | Processing sample 3000/9000...
2026-04-22 13:45:44 | INFO     | __main__ | Processing sample 3100/9000...
2026-04-22 13:47:01 | INFO     | __main__ | Processing sample 3200/9000...
2026-04-22 13:48:18 | INFO     | __main__ | Processing sample 3300/9000...
2026-04-22 13:49:36 | INFO     | __main__ | Processing sample 3400/9000...
2026-04-22 13:50:53 | INFO     | __main__ | Processing sample 3500/9000...
2026-04-22 13:52:11 | INFO     | __main__ | Processing sample 3600/9000...
2026-04-22 13:53:29 | INFO     | __main__ | Processing sample 3700/9000...
2026-04-22 13:54:46 | INFO     | __main__ | Processing sample 3800/9000...
2026-04-22 13:56:04 | INFO     | __main__ | Processing sample 3900/9000...
2026-04-22 13:57:21 | INFO     | __main__ | Processing sample 4000/9000...
2026-04-22 13:58:38 | INFO     | __main__ | Processing sample 4100/9000...
2026-04-22 13:59:55 | INFO     | __main__ | Processing sample 4200/9000...
2026-04-22 14:01:13 | INFO     | __main__ | Processing sample 4300/9000...
2026-04-22 14:02:30 | INFO     | __main__ | Processing sample 4400/9000...
2026-04-22 14:03:48 | INFO     | __main__ | Processing sample 4500/9000...
2026-04-22 14:05:06 | INFO     | __main__ | Processing sample 4600/9000...
2026-04-22 14:06:24 | INFO     | __main__ | Processing sample 4700/9000...
2026-04-22 14:07:41 | INFO     | __main__ | Processing sample 4800/9000...
2026-04-22 14:08:58 | INFO     | __main__ | Processing sample 4900/9000...
2026-04-22 14:10:16 | INFO     | __main__ | Processing sample 5000/9000...
2026-04-22 14:11:34 | INFO     | __main__ | Processing sample 5100/9000...
2026-04-22 14:12:52 | INFO     | __main__ | Processing sample 5200/9000...
2026-04-22 14:14:09 | INFO     | __main__ | Processing sample 5300/9000...
2026-04-22 14:15:27 | INFO     | __main__ | Processing sample 5400/9000...
2026-04-22 14:16:45 | INFO     | __main__ | Processing sample 5500/9000...
2026-04-22 14:18:03 | INFO     | __main__ | Processing sample 5600/9000...
2026-04-22 14:19:21 | INFO     | __main__ | Processing sample 5700/9000...
2026-04-22 14:20:39 | INFO     | __main__ | Processing sample 5800/9000...
2026-04-22 14:21:57 | INFO     | __main__ | Processing sample 5900/9000...
2026-04-22 14:23:15 | INFO     | __main__ | Processing sample 6000/9000...
2026-04-22 14:24:33 | INFO     | __main__ | Processing sample 6100/9000...
2026-04-22 14:25:50 | INFO     | __main__ | Processing sample 6200/9000...
2026-04-22 14:27:08 | INFO     | __main__ | Processing sample 6300/9000...
2026-04-22 14:28:26 | INFO     | __main__ | Processing sample 6400/9000...
2026-04-22 14:29:44 | INFO     | __main__ | Processing sample 6500/9000...
2026-04-22 14:31:02 | INFO     | __main__ | Processing sample 6600/9000...
2026-04-22 14:32:19 | INFO     | __main__ | Processing sample 6700/9000...
2026-04-22 14:33:37 | INFO     | __main__ | Processing sample 6800/9000...
2026-04-22 14:34:55 | INFO     | __main__ | Processing sample 6900/9000...
2026-04-22 14:36:12 | INFO     | __main__ | Processing sample 7000/9000...
2026-04-22 14:37:30 | INFO     | __main__ | Processing sample 7100/9000...
2026-04-22 14:38:46 | INFO     | __main__ | Processing sample 7200/9000...
2026-04-22 14:40:04 | INFO     | __main__ | Processing sample 7300/9000...
2026-04-22 14:41:22 | INFO     | __main__ | Processing sample 7400/9000...
2026-04-22 14:42:39 | INFO     | __main__ | Processing sample 7500/9000...
2026-04-22 14:43:57 | INFO     | __main__ | Processing sample 7600/9000...
2026-04-22 14:45:14 | INFO     | __main__ | Processing sample 7700/9000...
2026-04-22 14:46:32 | INFO     | __main__ | Processing sample 7800/9000...
2026-04-22 14:47:49 | INFO     | __main__ | Processing sample 7900/9000...
2026-04-22 14:49:07 | INFO     | __main__ | Processing sample 8000/9000...
2026-04-22 14:50:24 | INFO     | __main__ | Processing sample 8100/9000...
2026-04-22 14:51:42 | INFO     | __main__ | Processing sample 8200/9000...
2026-04-22 14:52:59 | INFO     | __main__ | Processing sample 8300/9000...
2026-04-22 14:54:17 | INFO     | __main__ | Processing sample 8400/9000...
2026-04-22 14:55:34 | INFO     | __main__ | Processing sample 8500/9000...
2026-04-22 14:56:52 | INFO     | __main__ | Processing sample 8600/9000...
2026-04-22 14:58:10 | INFO     | __main__ | Processing sample 8700/9000...
2026-04-22 14:59:27 | INFO     | __main__ | Processing sample 8800/9000...
2026-04-22 15:00:45 | INFO     | __main__ | Processing sample 8900/9000...
2026-04-22 15:02:03 | INFO     | experiment.baseline_pope_gemma_vl | Experiment summary: {
  "dataset": "pope",
  "model": "gemma_vl",
  "n_samples": 9000,
  "accuracy": 0.8687777777777778,
  "per_family_accuracy": {
    "object_hallucination": {
      "accuracy": 0.8687777777777778,
      "correct": 7819,
      "count": 9000
    }
  },
  "binary_metrics": {
    "accuracy": 0.8687777777777778,
    "precision": 0.8946492271105826,
    "recall": 0.836,
    "f1": 0.8643308443423321,
    "tp": 3762,
    "fp": 443,
    "fn": 738,
    "tn": 4057,
    "total": 9000
  }
}
2026-04-22 15:02:03 | INFO     | experiment.baseline_pope_gemma_vl | Summary saved to results/baselines/gemma_vl/pope.summary.json
2026-04-22 15:02:03 | INFO     | __main__ | Overall accuracy: 0.8688
2026-04-22 15:02:03 | INFO     | __main__ | Results saved to: results/baselines/gemma_vl/pope.jsonl
