2026-04-22 15:06:46 | INFO     | src.utils.seed_control | Global seed set to 42
2026-04-22 15:06:46 | INFO     | src.utils.seed_control | NumPy seed set.
2026-04-22 15:06:46 | INFO     | src.utils.seed_control | PyTorch seed set.
2026-04-22 15:06:49 | INFO     | src.utils.seed_control | HuggingFace transformers seed set.
2026-04-22 15:06:49 | INFO     | __main__ | === Baseline Run: dataset=vizwiz, model=gemma_vl ===
2026-04-22 15:06:49 | INFO     | __main__ | Loading dataset...
2026-04-22 15:06:49 | INFO     | src.data.loaders.base | [VizWizLoader] Loaded 4319 samples (split=val)
2026-04-22 15:06:49 | INFO     | __main__ | Loaded 4319 samples from vizwiz
2026-04-22 15:06:49 | INFO     | __main__ | Loading model: gemma_vl (path=/home/models/gemma-4-E4B-it, device=cuda:1)...
2026-04-22 15:06:49 | INFO     | src.models.gemma_vl | Loading Gemma 4 model: /home/models/gemma-4-E4B-it
2026-04-22 15:06:49 | INFO     | src.models.gemma_vl | Pinning model to cuda:1
2026-04-22 15:06:56 | INFO     | src.models.gemma_vl | Gemma 4 loaded. model=/home/models/gemma-4-E4B-it, device=cuda:1, dtype=bfloat16
2026-04-22 15:06:56 | INFO     | __main__ | Model loaded successfully.
2026-04-22 15:06:56 | INFO     | experiment.baseline_vizwiz_gemma_vl | ExperimentLogger initialized: results/baselines/gemma_vl/vizwiz.jsonl (experiment='baseline_vizwiz_gemma_vl')
2026-04-22 15:06:56 | INFO     | __main__ | Processing sample 0/4319...
2026-04-22 15:08:40 | INFO     | __main__ | Processing sample 100/4319...
2026-04-22 15:10:26 | INFO     | __main__ | Processing sample 200/4319...
2026-04-22 15:12:14 | INFO     | __main__ | Processing sample 300/4319...
2026-04-22 15:14:13 | INFO     | __main__ | Processing sample 400/4319...
2026-04-22 15:15:58 | INFO     | __main__ | Processing sample 500/4319...
2026-04-22 15:17:39 | INFO     | __main__ | Processing sample 600/4319...
2026-04-22 15:19:16 | INFO     | __main__ | Processing sample 700/4319...
2026-04-22 15:20:58 | INFO     | __main__ | Processing sample 800/4319...
2026-04-22 15:23:02 | INFO     | __main__ | Processing sample 900/4319...
2026-04-22 15:24:44 | INFO     | __main__ | Processing sample 1000/4319...
2026-04-22 15:26:53 | INFO     | __main__ | Processing sample 1100/4319...
2026-04-22 15:28:48 | INFO     | __main__ | Processing sample 1200/4319...
2026-04-22 15:30:24 | INFO     | __main__ | Processing sample 1300/4319...
2026-04-22 15:32:00 | INFO     | __main__ | Processing sample 1400/4319...
2026-04-22 15:33:38 | INFO     | __main__ | Processing sample 1500/4319...
2026-04-22 15:35:21 | INFO     | __main__ | Processing sample 1600/4319...
2026-04-22 15:36:59 | INFO     | __main__ | Processing sample 1700/4319...
2026-04-22 15:38:34 | INFO     | __main__ | Processing sample 1800/4319...
2026-04-22 15:40:10 | INFO     | __main__ | Processing sample 1900/4319...
2026-04-22 15:41:52 | INFO     | __main__ | Processing sample 2000/4319...
2026-04-22 15:43:30 | INFO     | __main__ | Processing sample 2100/4319...
2026-04-22 15:45:05 | INFO     | __main__ | Processing sample 2200/4319...
2026-04-22 15:46:40 | INFO     | __main__ | Processing sample 2300/4319...
2026-04-22 15:48:16 | INFO     | __main__ | Processing sample 2400/4319...
2026-04-22 15:49:52 | INFO     | __main__ | Processing sample 2500/4319...
2026-04-22 15:51:31 | INFO     | __main__ | Processing sample 2600/4319...
2026-04-22 15:53:17 | INFO     | __main__ | Processing sample 2700/4319...
2026-04-22 15:54:53 | INFO     | __main__ | Processing sample 2800/4319...
2026-04-22 15:56:31 | INFO     | __main__ | Processing sample 2900/4319...
2026-04-22 15:58:13 | INFO     | __main__ | Processing sample 3000/4319...
2026-04-22 15:59:52 | INFO     | __main__ | Processing sample 3100/4319...
2026-04-22 16:01:29 | INFO     | __main__ | Processing sample 3200/4319...
2026-04-22 16:03:13 | INFO     | __main__ | Processing sample 3300/4319...
2026-04-22 16:04:51 | INFO     | __main__ | Processing sample 3400/4319...
2026-04-22 16:06:42 | INFO     | __main__ | Processing sample 3500/4319...
2026-04-22 16:08:21 | INFO     | __main__ | Processing sample 3600/4319...
2026-04-22 16:09:58 | INFO     | __main__ | Processing sample 3700/4319...
2026-04-22 16:11:36 | INFO     | __main__ | Processing sample 3800/4319...
2026-04-22 16:13:17 | INFO     | __main__ | Processing sample 3900/4319...
2026-04-22 16:14:56 | INFO     | __main__ | Processing sample 4000/4319...
2026-04-22 16:16:42 | INFO     | __main__ | Processing sample 4100/4319...
2026-04-22 16:18:22 | INFO     | __main__ | Processing sample 4200/4319...
2026-04-22 16:19:59 | INFO     | __main__ | Processing sample 4300/4319...
2026-04-22 16:20:17 | INFO     | experiment.baseline_vizwiz_gemma_vl | Experiment summary: {
  "dataset": "vizwiz",
  "model": "gemma_vl",
  "n_samples": 4319,
  "accuracy": 0.43297059504514934,
  "per_family_accuracy": {
    "answerability": {
      "accuracy": 0.7884476534296029,
      "correct": 1092,
      "count": 1385
    },
    "none": {
      "accuracy": 0.26516700749829586,
      "correct": 778,
      "count": 2934
    }
  }
}
2026-04-22 16:20:17 | INFO     | experiment.baseline_vizwiz_gemma_vl | Summary saved to results/baselines/gemma_vl/vizwiz.summary.json
2026-04-22 16:20:17 | INFO     | __main__ | Overall accuracy: 0.4330
2026-04-22 16:20:17 | INFO     | __main__ | Results saved to: results/baselines/gemma_vl/vizwiz.jsonl
