2026-04-22 17:09:30 | INFO     | src.utils.seed_control | Global seed set to 42
2026-04-22 17:09:30 | INFO     | src.utils.seed_control | NumPy seed set.
2026-04-22 17:09:30 | INFO     | src.utils.seed_control | PyTorch seed set.
2026-04-22 17:09:32 | INFO     | src.utils.seed_control | HuggingFace transformers seed set.
2026-04-22 17:09:32 | INFO     | __main__ | === Decomposition Run: dataset=hallusionbench, model=llava_vicuna ===
2026-04-22 17:09:32 | INFO     | __main__ | Loading dataset...
2026-04-22 17:09:32 | INFO     | src.data.loaders.base | [HallusionBenchLoader] Loaded 951 samples (split=all)
2026-04-22 17:09:32 | INFO     | __main__ | Loaded 951 samples from hallusionbench
2026-04-22 17:09:32 | INFO     | __main__ | Loading model: llava_vicuna...
2026-04-22 17:09:32 | INFO     | src.models.llava_vicuna | Loading LLaVA-1.6-Vicuna model: /home/models/llava-v1.6-vicuna-7b-hf
2026-04-22 17:09:32 | INFO     | src.models.llava_vicuna | Pinning model to cuda:2
2026-04-22 17:09:36 | INFO     | src.models.llava_vicuna | LLaVA-1.6-Vicuna loaded. model=/home/models/llava-v1.6-vicuna-7b-hf, device=cuda:2, dtype=float16
2026-04-22 17:09:36 | INFO     | __main__ | Model loaded successfully.
2026-04-22 17:09:36 | INFO     | __main__ | Forward passes per sample: 8
2026-04-22 17:09:36 | INFO     | __main__ | Estimated total forward passes: 7608
2026-04-22 17:09:36 | INFO     | experiment.decomp_hallusionbench_llava_vicuna | ExperimentLogger initialized: results/decomposition/llava_vicuna/hallusionbench.jsonl (experiment='decomp_hallusionbench_llava_vicuna')
2026-04-22 17:09:36 | INFO     | __main__ | Processing sample 0/951...
2026-04-22 17:13:02 | INFO     | __main__ | Processing sample 50/951...
2026-04-22 17:16:23 | INFO     | __main__ | Processing sample 100/951...
2026-04-22 17:20:14 | INFO     | __main__ | Processing sample 150/951...
2026-04-22 17:23:11 | INFO     | __main__ | Processing sample 200/951...
2026-04-22 17:26:05 | INFO     | __main__ | Processing sample 250/951...
2026-04-22 17:29:18 | INFO     | __main__ | Processing sample 300/951...
2026-04-22 17:31:58 | INFO     | __main__ | Processing sample 350/951...
2026-04-22 17:35:02 | INFO     | __main__ | Processing sample 400/951...
2026-04-22 17:38:01 | INFO     | __main__ | Processing sample 450/951...
2026-04-22 17:41:03 | INFO     | __main__ | Processing sample 500/951...
2026-04-22 17:44:18 | INFO     | __main__ | Processing sample 550/951...
2026-04-22 17:47:26 | INFO     | __main__ | Processing sample 600/951...
2026-04-22 17:50:41 | INFO     | __main__ | Processing sample 650/951...
2026-04-22 17:53:42 | INFO     | __main__ | Processing sample 700/951...
2026-04-22 17:56:27 | INFO     | __main__ | Processing sample 750/951...
2026-04-22 17:59:14 | INFO     | __main__ | Processing sample 800/951...
2026-04-22 18:02:14 | INFO     | __main__ | Processing sample 850/951...
2026-04-22 18:04:50 | INFO     | __main__ | Processing sample 900/951...
2026-04-22 18:07:25 | INFO     | __main__ | Processing sample 950/951...
2026-04-22 18:07:28 | INFO     | experiment.decomp_hallusionbench_llava_vicuna | Experiment summary: {
  "dataset": "hallusionbench",
  "model": "llava_vicuna",
  "n_samples": 951,
  "passes_per_sample": 8
}
2026-04-22 18:07:28 | INFO     | experiment.decomp_hallusionbench_llava_vicuna | Summary saved to results/decomposition/llava_vicuna/hallusionbench.summary.json
2026-04-22 18:07:28 | INFO     | __main__ | Decomposition complete. Results saved to: results/decomposition/llava_vicuna/hallusionbench.jsonl
