2026-04-23 03:37:19 | INFO     | src.utils.seed_control | Global seed set to 42
2026-04-23 03:37:19 | INFO     | src.utils.seed_control | NumPy seed set.
2026-04-23 03:37:19 | INFO     | src.utils.seed_control | PyTorch seed set.
2026-04-23 03:37:22 | INFO     | src.utils.seed_control | HuggingFace transformers seed set.
2026-04-23 03:37:22 | INFO     | __main__ | === Decomposition Run: dataset=vsr, model=llava_vicuna ===
2026-04-23 03:37:22 | INFO     | __main__ | Loading dataset...
2026-04-23 03:37:22 | INFO     | src.data.loaders.base | [VSRLoader] Loaded 340 samples (split=dev)
2026-04-23 03:37:22 | INFO     | __main__ | Loaded 340 samples from vsr
2026-04-23 03:37:22 | INFO     | __main__ | Loading model: llava_vicuna...
2026-04-23 03:37:22 | INFO     | src.models.llava_vicuna | Loading LLaVA-1.6-Vicuna model: /home/models/llava-v1.6-vicuna-7b-hf
2026-04-23 03:37:22 | INFO     | src.models.llava_vicuna | Pinning model to cuda:2
2026-04-23 03:37:26 | INFO     | src.models.llava_vicuna | LLaVA-1.6-Vicuna loaded. model=/home/models/llava-v1.6-vicuna-7b-hf, device=cuda:2, dtype=float16
2026-04-23 03:37:26 | INFO     | __main__ | Model loaded successfully.
2026-04-23 03:37:26 | INFO     | __main__ | Forward passes per sample: 8
2026-04-23 03:37:26 | INFO     | __main__ | Estimated total forward passes: 2720
2026-04-23 03:37:26 | INFO     | experiment.decomp_vsr_llava_vicuna | ExperimentLogger initialized: results/decomposition/llava_vicuna/vsr.jsonl (experiment='decomp_vsr_llava_vicuna')
2026-04-23 03:37:26 | INFO     | __main__ | Processing sample 0/340...
2026-04-23 03:40:18 | INFO     | __main__ | Processing sample 50/340...
2026-04-23 03:43:09 | INFO     | __main__ | Processing sample 100/340...
2026-04-23 03:46:04 | INFO     | __main__ | Processing sample 150/340...
2026-04-23 03:48:54 | INFO     | __main__ | Processing sample 200/340...
2026-04-23 03:51:43 | INFO     | __main__ | Processing sample 250/340...
2026-04-23 03:54:36 | INFO     | __main__ | Processing sample 300/340...
2026-04-23 03:56:59 | INFO     | experiment.decomp_vsr_llava_vicuna | Experiment summary: {
  "dataset": "vsr",
  "model": "llava_vicuna",
  "n_samples": 340,
  "passes_per_sample": 8
}
2026-04-23 03:56:59 | INFO     | experiment.decomp_vsr_llava_vicuna | Summary saved to results/decomposition/llava_vicuna/vsr.summary.json
2026-04-23 03:56:59 | INFO     | __main__ | Decomposition complete. Results saved to: results/decomposition/llava_vicuna/vsr.jsonl
