2026-04-25 15:54:47 | INFO     | src.utils.seed_control | Global seed set to 42
2026-04-25 15:54:47 | INFO     | src.utils.seed_control | NumPy seed set.
2026-04-25 15:54:47 | INFO     | src.utils.seed_control | PyTorch seed set.
2026-04-25 15:54:50 | INFO     | src.utils.seed_control | HuggingFace transformers seed set.
2026-04-25 15:54:50 | INFO     | __main__ | === Matched Intervention Run: model=llava_vicuna ===
2026-04-25 15:54:50 | INFO     | __main__ | Loading decomposition results from results/decomposition/llava_vicuna/vsr.jsonl
2026-04-25 15:54:50 | INFO     | __main__ | Loaded 340 decomposition results
2026-04-25 15:54:50 | INFO     | __main__ | Loading model: llava_vicuna
2026-04-25 15:54:50 | INFO     | src.models.llava_vicuna | Loading LLaVA-1.6-Vicuna model: /home/models/llava-v1.6-vicuna-7b-hf
2026-04-25 15:54:50 | INFO     | src.models.llava_vicuna | Pinning model to cuda:3
2026-04-25 15:54:54 | INFO     | src.models.llava_vicuna | LLaVA-1.6-Vicuna loaded. model=/home/models/llava-v1.6-vicuna-7b-hf, device=cuda:3, dtype=float16
2026-04-25 15:54:54 | INFO     | __main__ | Model loaded.
2026-04-25 15:54:54 | INFO     | experiment.intervention_llava_vicuna | ExperimentLogger initialized: results/intervention/llava_vicuna/vsr.jsonl (experiment='intervention_llava_vicuna')
2026-04-25 15:54:54 | INFO     | __main__ | Processing sample 0/340...
2026-04-25 15:55:42 | INFO     | __main__ | Processing sample 50/340...
2026-04-25 15:56:29 | INFO     | __main__ | Processing sample 100/340...
2026-04-25 15:57:18 | INFO     | __main__ | Processing sample 150/340...
2026-04-25 15:58:05 | INFO     | __main__ | Processing sample 200/340...
2026-04-25 15:58:52 | INFO     | __main__ | Processing sample 250/340...
2026-04-25 15:59:40 | INFO     | __main__ | Processing sample 300/340...
2026-04-25 16:00:18 | INFO     | experiment.intervention_llava_vicuna | Experiment summary: {
  "model": "llava_vicuna",
  "decomp_source": "results/decomposition/llava_vicuna/vsr.jsonl",
  "n_samples": 340
}
2026-04-25 16:00:18 | INFO     | experiment.intervention_llava_vicuna | Summary saved to results/intervention/llava_vicuna/vsr.summary.json
2026-04-25 16:00:18 | INFO     | __main__ | Done. Results saved to: results/intervention/llava_vicuna/vsr.jsonl
