2026-04-28 20:55:39 | INFO     | src.utils.seed_control | Global seed set to 42
2026-04-28 20:55:39 | INFO     | src.utils.seed_control | NumPy seed set.
2026-04-28 20:55:39 | INFO     | src.utils.seed_control | PyTorch seed set.
2026-04-28 20:56:25 | INFO     | src.utils.seed_control | HuggingFace transformers seed set.
2026-04-28 20:56:25 | INFO     | __main__ | === Identifiability Run: dataset=hallusionbench, model=llava_vicuna, intervention=language_ruined ===
2026-04-28 20:56:25 | INFO     | src.data.loaders.base | [HallusionBenchLoader] Loaded 951 samples (split=all)
2026-04-28 20:56:25 | INFO     | __main__ | Loaded 951 samples.
2026-04-28 20:56:25 | INFO     | src.models.llava_vicuna | Loading LLaVA-1.6-Vicuna model: /home/models/llava-v1.6-vicuna-7b-hf
2026-04-28 20:56:25 | INFO     | src.models.llava_vicuna | Pinning model to cuda:0
2026-04-28 21:01:34 | INFO     | src.models.llava_vicuna | LLaVA-1.6-Vicuna loaded. model=/home/models/llava-v1.6-vicuna-7b-hf, device=cuda:0, dtype=float16
2026-04-28 21:01:34 | INFO     | __main__ | Model loaded.
2026-04-28 21:01:34 | INFO     | experiment.identifiability_language_ruined_hallusionbench_llava_vicuna | ExperimentLogger initialized: results/identifiability/language_ruined/llava_vicuna/hallusionbench.jsonl (experiment='identifiability_language_ruined_hallusionbench_llava_vicuna')
2026-04-28 21:01:34 | INFO     | __main__ | Processing sample 0/951...
2026-04-28 21:05:06 | INFO     | __main__ | Processing sample 50/951...
2026-04-28 21:08:35 | INFO     | __main__ | Processing sample 100/951...
2026-04-28 21:12:43 | INFO     | __main__ | Processing sample 150/951...
2026-04-28 21:15:45 | INFO     | __main__ | Processing sample 200/951...
2026-04-28 21:18:42 | INFO     | __main__ | Processing sample 250/951...
2026-04-28 21:22:08 | INFO     | __main__ | Processing sample 300/951...
2026-04-28 21:24:57 | INFO     | __main__ | Processing sample 350/951...
2026-04-28 21:28:12 | INFO     | __main__ | Processing sample 400/951...
2026-04-28 21:31:21 | INFO     | __main__ | Processing sample 450/951...
2026-04-28 21:34:30 | INFO     | __main__ | Processing sample 500/951...
2026-04-28 21:37:52 | INFO     | __main__ | Processing sample 550/951...
2026-04-28 21:41:07 | INFO     | __main__ | Processing sample 600/951...
2026-04-28 21:44:28 | INFO     | __main__ | Processing sample 650/951...
2026-04-28 21:47:36 | INFO     | __main__ | Processing sample 700/951...
2026-04-28 21:50:31 | INFO     | __main__ | Processing sample 750/951...
2026-04-28 21:53:32 | INFO     | __main__ | Processing sample 800/951...
2026-04-28 21:56:43 | INFO     | __main__ | Processing sample 850/951...
2026-04-28 21:59:52 | INFO     | __main__ | Processing sample 900/951...
2026-04-28 22:03:09 | INFO     | __main__ | Processing sample 950/951...
2026-04-28 22:03:12 | INFO     | experiment.identifiability_language_ruined_hallusionbench_llava_vicuna | Experiment summary: {
  "dataset": "hallusionbench",
  "model": "llava_vicuna",
  "intervention": "language_ruined",
  "n_samples": 951
}
2026-04-28 22:03:12 | INFO     | experiment.identifiability_language_ruined_hallusionbench_llava_vicuna | Summary saved to results/identifiability/language_ruined/llava_vicuna/hallusionbench.summary.json
2026-04-28 22:03:12 | INFO     | __main__ | Done. Results saved to: results/identifiability/language_ruined/llava_vicuna/hallusionbench.jsonl
