2026-04-29 09:51:36 | INFO     | src.utils.seed_control | Global seed set to 42
2026-04-29 09:51:36 | INFO     | src.utils.seed_control | NumPy seed set.
2026-04-29 09:51:36 | INFO     | src.utils.seed_control | PyTorch seed set.
2026-04-29 09:51:56 | INFO     | src.utils.seed_control | HuggingFace transformers seed set.
2026-04-29 09:51:56 | INFO     | __main__ | === Identifiability Run: dataset=vsr, model=llava_vicuna, intervention=language_ruined ===
2026-04-29 09:51:57 | INFO     | src.data.loaders.base | [VSRLoader] Loaded 340 samples (split=dev)
2026-04-29 09:51:57 | INFO     | __main__ | Loaded 340 samples.
2026-04-29 09:51:57 | INFO     | src.models.llava_vicuna | Loading LLaVA-1.6-Vicuna model: /home/models/llava-v1.6-vicuna-7b-hf
2026-04-29 09:51:57 | INFO     | src.models.llava_vicuna | Pinning model to cuda:0
2026-04-29 09:53:29 | INFO     | src.models.llava_vicuna | LLaVA-1.6-Vicuna loaded. model=/home/models/llava-v1.6-vicuna-7b-hf, device=cuda:0, dtype=float16
2026-04-29 09:53:29 | INFO     | __main__ | Model loaded.
2026-04-29 09:53:29 | INFO     | experiment.identifiability_language_ruined_vsr_llava_vicuna | ExperimentLogger initialized: results/identifiability/language_ruined/llava_vicuna/vsr.jsonl (experiment='identifiability_language_ruined_vsr_llava_vicuna')
2026-04-29 09:53:29 | INFO     | __main__ | Processing sample 0/340...
2026-04-29 09:56:32 | INFO     | __main__ | Processing sample 50/340...
2026-04-29 09:59:34 | INFO     | __main__ | Processing sample 100/340...
2026-04-29 10:02:39 | INFO     | __main__ | Processing sample 150/340...
2026-04-29 10:05:37 | INFO     | __main__ | Processing sample 200/340...
2026-04-29 10:08:36 | INFO     | __main__ | Processing sample 250/340...
2026-04-29 10:11:37 | INFO     | __main__ | Processing sample 300/340...
2026-04-29 10:14:03 | INFO     | experiment.identifiability_language_ruined_vsr_llava_vicuna | Experiment summary: {
  "dataset": "vsr",
  "model": "llava_vicuna",
  "intervention": "language_ruined",
  "n_samples": 340
}
2026-04-29 10:14:03 | INFO     | experiment.identifiability_language_ruined_vsr_llava_vicuna | Summary saved to results/identifiability/language_ruined/llava_vicuna/vsr.summary.json
2026-04-29 10:14:03 | INFO     | __main__ | Done. Results saved to: results/identifiability/language_ruined/llava_vicuna/vsr.jsonl
