2026-05-06 14:48:20 | INFO     | src.utils.seed_control | Global seed set to 42
2026-05-06 14:48:20 | INFO     | src.utils.seed_control | NumPy seed set.
2026-05-06 14:48:20 | INFO     | src.utils.seed_control | PyTorch seed set.
2026-05-06 14:48:23 | INFO     | src.utils.seed_control | HuggingFace transformers seed set.
2026-05-06 14:48:23 | INFO     | __main__ | === Identifiability Run: dataset=hallusionbench, model=gemma_vl, intervention=alignment_ruined ===
2026-05-06 14:48:23 | INFO     | src.data.loaders.base | [HallusionBenchLoader] Loaded 951 samples (split=all)
2026-05-06 14:48:23 | INFO     | __main__ | Loaded 951 samples.
2026-05-06 14:48:23 | INFO     | src.models.gemma_vl | Loading Gemma 4 model: /home/models/gemma-4-E4B-it
2026-05-06 14:48:23 | INFO     | src.models.gemma_vl | Pinning model to cuda:1
2026-05-06 14:48:29 | INFO     | src.models.gemma_vl | Gemma 4 loaded. model=/home/models/gemma-4-E4B-it, device=cuda:1, dtype=bfloat16
2026-05-06 14:48:29 | INFO     | __main__ | Model loaded.
2026-05-06 14:48:29 | INFO     | experiment.identifiability_alignment_ruined_hallusionbench_gemma_vl | ExperimentLogger initialized: results/identifiability/alignment_ruined/gemma_vl/hallusionbench.jsonl (experiment='identifiability_alignment_ruined_hallusionbench_gemma_vl')
2026-05-06 14:48:29 | INFO     | __main__ | Processing sample 0/951...
2026-05-06 14:51:57 | INFO     | __main__ | Processing sample 50/951...
2026-05-06 14:55:17 | INFO     | __main__ | Processing sample 100/951...
2026-05-06 14:59:28 | INFO     | __main__ | Processing sample 150/951...
2026-05-06 15:03:20 | INFO     | __main__ | Processing sample 200/951...
2026-05-06 15:06:18 | INFO     | __main__ | Processing sample 250/951...
2026-05-06 15:08:45 | INFO     | __main__ | Processing sample 300/951...
2026-05-06 15:11:03 | INFO     | __main__ | Processing sample 350/951...
2026-05-06 15:13:22 | INFO     | __main__ | Processing sample 400/951...
2026-05-06 15:15:44 | INFO     | __main__ | Processing sample 450/951...
2026-05-06 15:17:56 | INFO     | __main__ | Processing sample 500/951...
2026-05-06 15:20:36 | INFO     | __main__ | Processing sample 550/951...
2026-05-06 15:23:11 | INFO     | __main__ | Processing sample 600/951...
2026-05-06 15:25:45 | INFO     | __main__ | Processing sample 650/951...
2026-05-06 15:28:05 | INFO     | __main__ | Processing sample 700/951...
2026-05-06 15:30:21 | INFO     | __main__ | Processing sample 750/951...
2026-05-06 15:32:29 | INFO     | __main__ | Processing sample 800/951...
2026-05-06 15:34:41 | INFO     | __main__ | Processing sample 850/951...
2026-05-06 15:37:11 | INFO     | __main__ | Processing sample 900/951...
2026-05-06 15:39:45 | INFO     | __main__ | Processing sample 950/951...
2026-05-06 15:39:48 | INFO     | experiment.identifiability_alignment_ruined_hallusionbench_gemma_vl | Experiment summary: {
  "dataset": "hallusionbench",
  "model": "gemma_vl",
  "intervention": "alignment_ruined",
  "n_samples": 951
}
2026-05-06 15:39:48 | INFO     | experiment.identifiability_alignment_ruined_hallusionbench_gemma_vl | Summary saved to results/identifiability/alignment_ruined/gemma_vl/hallusionbench.summary.json
2026-05-06 15:39:48 | INFO     | __main__ | Done. Results saved to: results/identifiability/alignment_ruined/gemma_vl/hallusionbench.jsonl
