2026-05-06 22:18:29 | INFO     | src.utils.seed_control | Global seed set to 42
2026-05-06 22:18:29 | INFO     | src.utils.seed_control | NumPy seed set.
2026-05-06 22:18:29 | INFO     | src.utils.seed_control | PyTorch seed set.
2026-05-06 22:18:32 | INFO     | src.utils.seed_control | HuggingFace transformers seed set.
2026-05-06 22:18:32 | INFO     | __main__ | === Identifiability Run: dataset=vsr, model=gemma_vl, intervention=alignment_ruined ===
2026-05-06 22:18:32 | INFO     | src.data.loaders.base | [VSRLoader] Loaded 340 samples (split=dev)
2026-05-06 22:18:32 | INFO     | __main__ | Loaded 340 samples.
2026-05-06 22:18:32 | INFO     | src.models.gemma_vl | Loading Gemma 4 model: /home/models/gemma-4-E4B-it
2026-05-06 22:18:32 | INFO     | src.models.gemma_vl | Pinning model to cuda:1
2026-05-06 22:18:38 | INFO     | src.models.gemma_vl | Gemma 4 loaded. model=/home/models/gemma-4-E4B-it, device=cuda:1, dtype=bfloat16
2026-05-06 22:18:38 | INFO     | __main__ | Model loaded.
2026-05-06 22:18:38 | INFO     | experiment.identifiability_alignment_ruined_vsr_gemma_vl | ExperimentLogger initialized: results/identifiability/alignment_ruined/gemma_vl/vsr.jsonl (experiment='identifiability_alignment_ruined_vsr_gemma_vl')
2026-05-06 22:18:38 | INFO     | __main__ | Processing sample 0/340...
2026-05-06 22:20:43 | INFO     | __main__ | Processing sample 50/340...
2026-05-06 22:22:46 | INFO     | __main__ | Processing sample 100/340...
2026-05-06 22:24:53 | INFO     | __main__ | Processing sample 150/340...
2026-05-06 22:26:58 | INFO     | __main__ | Processing sample 200/340...
2026-05-06 22:29:01 | INFO     | __main__ | Processing sample 250/340...
2026-05-06 22:31:08 | INFO     | __main__ | Processing sample 300/340...
2026-05-06 22:32:48 | INFO     | experiment.identifiability_alignment_ruined_vsr_gemma_vl | Experiment summary: {
  "dataset": "vsr",
  "model": "gemma_vl",
  "intervention": "alignment_ruined",
  "n_samples": 340
}
2026-05-06 22:32:48 | INFO     | experiment.identifiability_alignment_ruined_vsr_gemma_vl | Summary saved to results/identifiability/alignment_ruined/gemma_vl/vsr.summary.json
2026-05-06 22:32:48 | INFO     | __main__ | Done. Results saved to: results/identifiability/alignment_ruined/gemma_vl/vsr.jsonl
