2026-04-27 07:58:20 | INFO     | src.utils.seed_control | Global seed set to 42
2026-04-27 07:58:20 | INFO     | src.utils.seed_control | NumPy seed set.
2026-04-27 07:58:20 | INFO     | src.utils.seed_control | PyTorch seed set.
2026-04-27 07:58:24 | INFO     | src.utils.seed_control | HuggingFace transformers seed set.
2026-04-27 07:58:24 | INFO     | __main__ | === Identifiability Run: dataset=hallusionbench, model=gemma_vl, intervention=visual_ruined ===
2026-04-27 07:58:24 | INFO     | src.data.loaders.base | [HallusionBenchLoader] Loaded 951 samples (split=all)
2026-04-27 07:58:24 | INFO     | __main__ | Loaded 951 samples.
2026-04-27 07:58:24 | INFO     | src.models.gemma_vl | Loading Gemma 4 model: /home/models/gemma-4-E4B-it
2026-04-27 07:58:24 | INFO     | src.models.gemma_vl | Pinning model to cuda:0
2026-04-27 07:58:32 | INFO     | src.models.gemma_vl | Gemma 4 loaded. model=/home/models/gemma-4-E4B-it, device=cuda:0, dtype=bfloat16
2026-04-27 07:58:32 | INFO     | __main__ | Model loaded.
2026-04-27 07:58:32 | INFO     | experiment.identifiability_visual_ruined_hallusionbench_gemma_vl | ExperimentLogger initialized: results/identifiability/visual_ruined/gemma_vl/hallusionbench.jsonl (experiment='identifiability_visual_ruined_hallusionbench_gemma_vl')
2026-04-27 07:58:32 | INFO     | __main__ | Processing sample 0/951...
2026-04-27 08:03:00 | INFO     | __main__ | Processing sample 50/951...
2026-04-27 08:06:46 | INFO     | __main__ | Processing sample 100/951...
2026-04-27 08:14:38 | INFO     | __main__ | Processing sample 150/951...
2026-04-27 08:24:06 | INFO     | __main__ | Processing sample 200/951...
2026-04-27 08:28:44 | INFO     | __main__ | Processing sample 250/951...
2026-04-27 08:32:09 | INFO     | __main__ | Processing sample 300/951...
2026-04-27 08:35:17 | INFO     | __main__ | Processing sample 350/951...
2026-04-27 08:38:32 | INFO     | __main__ | Processing sample 400/951...
2026-04-27 08:41:34 | INFO     | __main__ | Processing sample 450/951...
2026-04-27 08:44:30 | INFO     | __main__ | Processing sample 500/951...
2026-04-27 08:47:20 | INFO     | __main__ | Processing sample 550/951...
2026-04-27 08:50:25 | INFO     | __main__ | Processing sample 600/951...
2026-04-27 08:53:33 | INFO     | __main__ | Processing sample 650/951...
2026-04-27 08:56:32 | INFO     | __main__ | Processing sample 700/951...
2026-04-27 08:59:27 | INFO     | __main__ | Processing sample 750/951...
2026-04-27 09:02:31 | INFO     | __main__ | Processing sample 800/951...
2026-04-27 09:05:32 | INFO     | __main__ | Processing sample 850/951...
2026-04-27 09:08:52 | INFO     | __main__ | Processing sample 900/951...
2026-04-27 09:12:30 | INFO     | __main__ | Processing sample 950/951...
2026-04-27 09:12:34 | INFO     | experiment.identifiability_visual_ruined_hallusionbench_gemma_vl | Experiment summary: {
  "dataset": "hallusionbench",
  "model": "gemma_vl",
  "intervention": "visual_ruined",
  "n_samples": 951
}
2026-04-27 09:12:34 | INFO     | experiment.identifiability_visual_ruined_hallusionbench_gemma_vl | Summary saved to results/identifiability/visual_ruined/gemma_vl/hallusionbench.summary.json
2026-04-27 09:12:34 | INFO     | __main__ | Done. Results saved to: results/identifiability/visual_ruined/gemma_vl/hallusionbench.jsonl
