2026-04-27 09:12:37 | INFO     | src.utils.seed_control | Global seed set to 42
2026-04-27 09:12:37 | INFO     | src.utils.seed_control | NumPy seed set.
2026-04-27 09:12:37 | INFO     | src.utils.seed_control | PyTorch seed set.
2026-04-27 09:12:41 | INFO     | src.utils.seed_control | HuggingFace transformers seed set.
2026-04-27 09:12:41 | INFO     | __main__ | === Identifiability Run: dataset=pope, model=gemma_vl, intervention=visual_ruined ===
2026-04-27 09:12:41 | INFO     | src.data.loaders.base | [POPELoader] Loaded 9000 samples (split=all)
2026-04-27 09:12:41 | INFO     | __main__ | Loaded 9000 samples.
2026-04-27 09:12:41 | INFO     | src.models.gemma_vl | Loading Gemma 4 model: /home/models/gemma-4-E4B-it
2026-04-27 09:12:41 | INFO     | src.models.gemma_vl | Pinning model to cuda:0
2026-04-27 09:12:49 | INFO     | src.models.gemma_vl | Gemma 4 loaded. model=/home/models/gemma-4-E4B-it, device=cuda:0, dtype=bfloat16
2026-04-27 09:12:49 | INFO     | __main__ | Model loaded.
2026-04-27 09:12:49 | INFO     | experiment.identifiability_visual_ruined_pope_gemma_vl | ExperimentLogger initialized: results/identifiability/visual_ruined/gemma_vl/pope.jsonl (experiment='identifiability_visual_ruined_pope_gemma_vl')
2026-04-27 09:12:49 | INFO     | __main__ | Processing sample 0/9000...
2026-04-27 09:16:00 | INFO     | __main__ | Processing sample 50/9000...
2026-04-27 09:19:07 | INFO     | __main__ | Processing sample 100/9000...
2026-04-27 09:22:15 | INFO     | __main__ | Processing sample 150/9000...
2026-04-27 09:25:19 | INFO     | __main__ | Processing sample 200/9000...
2026-04-27 09:28:30 | INFO     | __main__ | Processing sample 250/9000...
2026-04-27 09:31:30 | INFO     | __main__ | Processing sample 300/9000...
2026-04-27 09:34:18 | INFO     | __main__ | Processing sample 350/9000...
2026-04-27 09:37:09 | INFO     | __main__ | Processing sample 400/9000...
2026-04-27 09:40:07 | INFO     | __main__ | Processing sample 450/9000...
2026-04-27 09:43:08 | INFO     | __main__ | Processing sample 500/9000...
2026-04-27 09:46:14 | INFO     | __main__ | Processing sample 550/9000...
2026-04-27 09:49:09 | INFO     | __main__ | Processing sample 600/9000...
2026-04-27 09:52:31 | INFO     | __main__ | Processing sample 650/9000...
2026-04-27 09:55:29 | INFO     | __main__ | Processing sample 700/9000...
2026-04-27 09:58:18 | INFO     | __main__ | Processing sample 750/9000...
2026-04-27 10:01:27 | INFO     | __main__ | Processing sample 800/9000...
2026-04-27 10:04:23 | INFO     | __main__ | Processing sample 850/9000...
2026-04-27 10:07:28 | INFO     | __main__ | Processing sample 900/9000...
2026-04-27 10:10:29 | INFO     | __main__ | Processing sample 950/9000...
2026-04-27 10:13:37 | INFO     | __main__ | Processing sample 1000/9000...
2026-04-27 10:16:27 | INFO     | __main__ | Processing sample 1050/9000...
2026-04-27 10:19:18 | INFO     | __main__ | Processing sample 1100/9000...
2026-04-27 10:22:12 | INFO     | __main__ | Processing sample 1150/9000...
2026-04-27 10:25:13 | INFO     | __main__ | Processing sample 1200/9000...
2026-04-27 10:28:05 | INFO     | __main__ | Processing sample 1250/9000...
2026-04-27 10:30:58 | INFO     | __main__ | Processing sample 1300/9000...
2026-04-27 10:33:50 | INFO     | __main__ | Processing sample 1350/9000...
2026-04-27 10:36:45 | INFO     | __main__ | Processing sample 1400/9000...
2026-04-27 10:39:34 | INFO     | __main__ | Processing sample 1450/9000...
2026-04-27 10:42:39 | INFO     | __main__ | Processing sample 1500/9000...
2026-04-27 10:45:33 | INFO     | __main__ | Processing sample 1550/9000...
2026-04-27 10:48:24 | INFO     | __main__ | Processing sample 1600/9000...
2026-04-27 10:51:19 | INFO     | __main__ | Processing sample 1650/9000...
2026-04-27 10:54:17 | INFO     | __main__ | Processing sample 1700/9000...
2026-04-27 10:57:10 | INFO     | __main__ | Processing sample 1750/9000...
2026-04-27 11:00:10 | INFO     | __main__ | Processing sample 1800/9000...
2026-04-27 11:03:08 | INFO     | __main__ | Processing sample 1850/9000...
2026-04-27 11:06:09 | INFO     | __main__ | Processing sample 1900/9000...
2026-04-27 11:09:13 | INFO     | __main__ | Processing sample 1950/9000...
2026-04-27 11:12:10 | INFO     | __main__ | Processing sample 2000/9000...
2026-04-27 11:15:03 | INFO     | __main__ | Processing sample 2050/9000...
2026-04-27 11:17:52 | INFO     | __main__ | Processing sample 2100/9000...
2026-04-27 11:20:53 | INFO     | __main__ | Processing sample 2150/9000...
2026-04-27 11:23:45 | INFO     | __main__ | Processing sample 2200/9000...
2026-04-27 11:26:36 | INFO     | __main__ | Processing sample 2250/9000...
2026-04-27 11:29:33 | INFO     | __main__ | Processing sample 2300/9000...
2026-04-27 11:32:29 | INFO     | __main__ | Processing sample 2350/9000...
2026-04-27 11:35:22 | INFO     | __main__ | Processing sample 2400/9000...
2026-04-27 11:38:14 | INFO     | __main__ | Processing sample 2450/9000...
2026-04-27 11:41:21 | INFO     | __main__ | Processing sample 2500/9000...
2026-04-27 11:44:12 | INFO     | __main__ | Processing sample 2550/9000...
2026-04-27 11:47:03 | INFO     | __main__ | Processing sample 2600/9000...
2026-04-27 11:49:53 | INFO     | __main__ | Processing sample 2650/9000...
2026-04-27 11:52:57 | INFO     | __main__ | Processing sample 2700/9000...
2026-04-27 11:56:00 | INFO     | __main__ | Processing sample 2750/9000...
2026-04-27 11:58:55 | INFO     | __main__ | Processing sample 2800/9000...
2026-04-27 12:01:40 | INFO     | __main__ | Processing sample 2850/9000...
2026-04-27 12:04:35 | INFO     | __main__ | Processing sample 2900/9000...
2026-04-27 12:07:30 | INFO     | __main__ | Processing sample 2950/9000...
2026-04-27 12:10:20 | INFO     | __main__ | Processing sample 3000/9000...
2026-04-27 12:13:19 | INFO     | __main__ | Processing sample 3050/9000...
2026-04-27 12:16:16 | INFO     | __main__ | Processing sample 3100/9000...
2026-04-27 12:19:15 | INFO     | __main__ | Processing sample 3150/9000...
2026-04-27 12:22:08 | INFO     | __main__ | Processing sample 3200/9000...
2026-04-27 12:25:08 | INFO     | __main__ | Processing sample 3250/9000...
2026-04-27 12:28:08 | INFO     | __main__ | Processing sample 3300/9000...
2026-04-27 12:30:59 | INFO     | __main__ | Processing sample 3350/9000...
2026-04-27 12:33:44 | INFO     | __main__ | Processing sample 3400/9000...
2026-04-27 12:36:46 | INFO     | __main__ | Processing sample 3450/9000...
2026-04-27 12:39:39 | INFO     | __main__ | Processing sample 3500/9000...
2026-04-27 12:42:37 | INFO     | __main__ | Processing sample 3550/9000...
2026-04-27 12:45:28 | INFO     | __main__ | Processing sample 3600/9000...
2026-04-27 12:48:24 | INFO     | __main__ | Processing sample 3650/9000...
2026-04-27 12:51:16 | INFO     | __main__ | Processing sample 3700/9000...
2026-04-27 12:54:10 | INFO     | __main__ | Processing sample 3750/9000...
2026-04-27 12:57:09 | INFO     | __main__ | Processing sample 3800/9000...
2026-04-27 12:59:27 | INFO     | __main__ | Processing sample 3850/9000...
2026-04-27 13:01:38 | INFO     | __main__ | Processing sample 3900/9000...
2026-04-27 13:03:53 | INFO     | __main__ | Processing sample 3950/9000...
2026-04-27 13:06:02 | INFO     | __main__ | Processing sample 4000/9000...
2026-04-27 13:08:12 | INFO     | __main__ | Processing sample 4050/9000...
2026-04-27 13:10:23 | INFO     | __main__ | Processing sample 4100/9000...
2026-04-27 13:12:36 | INFO     | __main__ | Processing sample 4150/9000...
2026-04-27 13:14:54 | INFO     | __main__ | Processing sample 4200/9000...
2026-04-27 13:17:03 | INFO     | __main__ | Processing sample 4250/9000...
2026-04-27 13:19:14 | INFO     | __main__ | Processing sample 4300/9000...
2026-04-27 13:21:28 | INFO     | __main__ | Processing sample 4350/9000...
2026-04-27 13:23:51 | INFO     | __main__ | Processing sample 4400/9000...
2026-04-27 13:26:31 | INFO     | __main__ | Processing sample 4450/9000...
2026-04-27 13:29:29 | INFO     | __main__ | Processing sample 4500/9000...
2026-04-27 13:32:22 | INFO     | __main__ | Processing sample 4550/9000...
2026-04-27 13:35:12 | INFO     | __main__ | Processing sample 4600/9000...
2026-04-27 13:38:17 | INFO     | __main__ | Processing sample 4650/9000...
2026-04-27 13:41:16 | INFO     | __main__ | Processing sample 4700/9000...
2026-04-27 13:44:22 | INFO     | __main__ | Processing sample 4750/9000...
2026-04-27 13:47:22 | INFO     | __main__ | Processing sample 4800/9000...
2026-04-27 13:50:23 | INFO     | __main__ | Processing sample 4850/9000...
2026-04-27 13:53:10 | INFO     | __main__ | Processing sample 4900/9000...
2026-04-27 13:55:27 | INFO     | __main__ | Processing sample 4950/9000...
2026-04-27 13:57:40 | INFO     | __main__ | Processing sample 5000/9000...
2026-04-27 13:59:54 | INFO     | __main__ | Processing sample 5050/9000...
2026-04-27 14:02:01 | INFO     | __main__ | Processing sample 5100/9000...
2026-04-27 14:04:20 | INFO     | __main__ | Processing sample 5150/9000...
2026-04-27 14:06:31 | INFO     | __main__ | Processing sample 5200/9000...
2026-04-27 14:08:41 | INFO     | __main__ | Processing sample 5250/9000...
2026-04-27 14:10:56 | INFO     | __main__ | Processing sample 5300/9000...
2026-04-27 14:13:09 | INFO     | __main__ | Processing sample 5350/9000...
2026-04-27 14:15:20 | INFO     | __main__ | Processing sample 5400/9000...
2026-04-27 14:17:35 | INFO     | __main__ | Processing sample 5450/9000...
2026-04-27 14:19:52 | INFO     | __main__ | Processing sample 5500/9000...
2026-04-27 14:22:01 | INFO     | __main__ | Processing sample 5550/9000...
2026-04-27 14:24:17 | INFO     | __main__ | Processing sample 5600/9000...
2026-04-27 14:26:30 | INFO     | __main__ | Processing sample 5650/9000...
2026-04-27 14:28:48 | INFO     | __main__ | Processing sample 5700/9000...
2026-04-27 14:31:09 | INFO     | __main__ | Processing sample 5750/9000...
2026-04-27 14:33:23 | INFO     | __main__ | Processing sample 5800/9000...
2026-04-27 14:35:31 | INFO     | __main__ | Processing sample 5850/9000...
2026-04-27 14:37:42 | INFO     | __main__ | Processing sample 5900/9000...
2026-04-27 14:39:58 | INFO     | __main__ | Processing sample 5950/9000...
2026-04-27 14:42:10 | INFO     | __main__ | Processing sample 6000/9000...
2026-04-27 14:44:25 | INFO     | __main__ | Processing sample 6050/9000...
2026-04-27 14:46:40 | INFO     | __main__ | Processing sample 6100/9000...
2026-04-27 14:48:58 | INFO     | __main__ | Processing sample 6150/9000...
2026-04-27 14:51:11 | INFO     | __main__ | Processing sample 6200/9000...
2026-04-27 14:53:28 | INFO     | __main__ | Processing sample 6250/9000...
2026-04-27 14:55:41 | INFO     | __main__ | Processing sample 6300/9000...
2026-04-27 14:57:50 | INFO     | __main__ | Processing sample 6350/9000...
2026-04-27 14:59:57 | INFO     | __main__ | Processing sample 6400/9000...
2026-04-27 15:02:14 | INFO     | __main__ | Processing sample 6450/9000...
2026-04-27 15:04:24 | INFO     | __main__ | Processing sample 6500/9000...
2026-04-27 15:06:39 | INFO     | __main__ | Processing sample 6550/9000...
2026-04-27 15:08:49 | INFO     | __main__ | Processing sample 6600/9000...
2026-04-27 15:11:05 | INFO     | __main__ | Processing sample 6650/9000...
2026-04-27 15:13:15 | INFO     | __main__ | Processing sample 6700/9000...
2026-04-27 15:15:24 | INFO     | __main__ | Processing sample 6750/9000...
2026-04-27 15:17:42 | INFO     | __main__ | Processing sample 6800/9000...
2026-04-27 15:20:01 | INFO     | __main__ | Processing sample 6850/9000...
2026-04-27 15:22:14 | INFO     | __main__ | Processing sample 6900/9000...
2026-04-27 15:24:30 | INFO     | __main__ | Processing sample 6950/9000...
2026-04-27 15:26:41 | INFO     | __main__ | Processing sample 7000/9000...
2026-04-27 15:28:53 | INFO     | __main__ | Processing sample 7050/9000...
2026-04-27 15:31:06 | INFO     | __main__ | Processing sample 7100/9000...
2026-04-27 15:33:20 | INFO     | __main__ | Processing sample 7150/9000...
2026-04-27 15:35:38 | INFO     | __main__ | Processing sample 7200/9000...
2026-04-27 15:37:48 | INFO     | __main__ | Processing sample 7250/9000...
2026-04-27 15:39:59 | INFO     | __main__ | Processing sample 7300/9000...
2026-04-27 15:42:14 | INFO     | __main__ | Processing sample 7350/9000...
2026-04-27 15:44:25 | INFO     | __main__ | Processing sample 7400/9000...
2026-04-27 15:46:35 | INFO     | __main__ | Processing sample 7450/9000...
2026-04-27 15:48:56 | INFO     | __main__ | Processing sample 7500/9000...
2026-04-27 15:51:11 | INFO     | __main__ | Processing sample 7550/9000...
2026-04-27 15:53:20 | INFO     | __main__ | Processing sample 7600/9000...
2026-04-27 15:55:34 | INFO     | __main__ | Processing sample 7650/9000...
2026-04-27 15:57:51 | INFO     | __main__ | Processing sample 7700/9000...
2026-04-27 16:00:07 | INFO     | __main__ | Processing sample 7750/9000...
2026-04-27 16:02:24 | INFO     | __main__ | Processing sample 7800/9000...
2026-04-27 16:04:35 | INFO     | __main__ | Processing sample 7850/9000...
2026-04-27 16:06:51 | INFO     | __main__ | Processing sample 7900/9000...
2026-04-27 16:09:10 | INFO     | __main__ | Processing sample 7950/9000...
2026-04-27 16:11:24 | INFO     | __main__ | Processing sample 8000/9000...
2026-04-27 16:13:39 | INFO     | __main__ | Processing sample 8050/9000...
2026-04-27 16:15:46 | INFO     | __main__ | Processing sample 8100/9000...
2026-04-27 16:18:04 | INFO     | __main__ | Processing sample 8150/9000...
2026-04-27 16:20:15 | INFO     | __main__ | Processing sample 8200/9000...
2026-04-27 16:22:25 | INFO     | __main__ | Processing sample 8250/9000...
2026-04-27 16:24:43 | INFO     | __main__ | Processing sample 8300/9000...
2026-04-27 16:26:57 | INFO     | __main__ | Processing sample 8350/9000...
2026-04-27 16:29:09 | INFO     | __main__ | Processing sample 8400/9000...
2026-04-27 16:31:24 | INFO     | __main__ | Processing sample 8450/9000...
2026-04-27 16:33:41 | INFO     | __main__ | Processing sample 8500/9000...
2026-04-27 16:35:50 | INFO     | __main__ | Processing sample 8550/9000...
2026-04-27 16:38:06 | INFO     | __main__ | Processing sample 8600/9000...
2026-04-27 16:40:19 | INFO     | __main__ | Processing sample 8650/9000...
2026-04-27 16:42:39 | INFO     | __main__ | Processing sample 8700/9000...
2026-04-27 16:44:59 | INFO     | __main__ | Processing sample 8750/9000...
2026-04-27 16:47:13 | INFO     | __main__ | Processing sample 8800/9000...
2026-04-27 16:49:20 | INFO     | __main__ | Processing sample 8850/9000...
2026-04-27 16:51:32 | INFO     | __main__ | Processing sample 8900/9000...
2026-04-27 16:53:47 | INFO     | __main__ | Processing sample 8950/9000...
2026-04-27 16:55:58 | INFO     | experiment.identifiability_visual_ruined_pope_gemma_vl | Experiment summary: {
  "dataset": "pope",
  "model": "gemma_vl",
  "intervention": "visual_ruined",
  "n_samples": 9000
}
2026-04-27 16:55:58 | INFO     | experiment.identifiability_visual_ruined_pope_gemma_vl | Summary saved to results/identifiability/visual_ruined/gemma_vl/pope.summary.json
2026-04-27 16:55:58 | INFO     | __main__ | Done. Results saved to: results/identifiability/visual_ruined/gemma_vl/pope.jsonl
