2026-04-25 21:45:21 | INFO     | src.utils.seed_control | Global seed set to 42
2026-04-25 21:45:21 | INFO     | src.utils.seed_control | NumPy seed set.
2026-04-25 21:45:21 | INFO     | src.utils.seed_control | PyTorch seed set.
2026-04-25 21:45:25 | INFO     | src.utils.seed_control | HuggingFace transformers seed set.
2026-04-25 21:45:25 | INFO     | __main__ | === Matched Intervention Run: model=gemma_vl ===
2026-04-25 21:45:25 | INFO     | __main__ | Loading decomposition results from results/decomposition/gemma_vl/vizwiz.jsonl
2026-04-25 21:45:25 | INFO     | __main__ | Loaded 4319 decomposition results
2026-04-25 21:45:25 | INFO     | __main__ | Loading model: gemma_vl
2026-04-25 21:45:25 | INFO     | src.models.gemma_vl | Loading Gemma 4 model: /home/models/gemma-4-E4B-it
2026-04-25 21:45:25 | INFO     | src.models.gemma_vl | Pinning model to cuda:3
2026-04-25 21:45:33 | INFO     | src.models.gemma_vl | Gemma 4 loaded. model=/home/models/gemma-4-E4B-it, device=cuda:3, dtype=bfloat16
2026-04-25 21:45:33 | INFO     | __main__ | Model loaded.
2026-04-25 21:45:33 | INFO     | experiment.intervention_gemma_vl | ExperimentLogger initialized: results/intervention/gemma_vl/vizwiz.jsonl (experiment='intervention_gemma_vl')
2026-04-25 21:45:33 | INFO     | __main__ | Processing sample 0/4319...
2026-04-25 21:46:15 | INFO     | __main__ | Processing sample 50/4319...
2026-04-25 21:46:58 | INFO     | __main__ | Processing sample 100/4319...
2026-04-25 21:47:35 | INFO     | __main__ | Processing sample 150/4319...
2026-04-25 21:48:11 | INFO     | __main__ | Processing sample 200/4319...
2026-04-25 21:48:59 | INFO     | __main__ | Processing sample 250/4319...
2026-04-25 21:49:44 | INFO     | __main__ | Processing sample 300/4319...
2026-04-25 21:50:17 | INFO     | __main__ | Processing sample 350/4319...
2026-04-25 21:51:22 | INFO     | __main__ | Processing sample 400/4319...
2026-04-25 21:52:17 | INFO     | __main__ | Processing sample 450/4319...
2026-04-25 21:53:09 | INFO     | __main__ | Processing sample 500/4319...
2026-04-25 21:54:20 | INFO     | __main__ | Processing sample 550/4319...
2026-04-25 21:55:02 | INFO     | __main__ | Processing sample 600/4319...
2026-04-25 21:55:52 | INFO     | __main__ | Processing sample 650/4319...
2026-04-25 21:56:30 | INFO     | __main__ | Processing sample 700/4319...
2026-04-25 21:57:25 | INFO     | __main__ | Processing sample 750/4319...
2026-04-25 21:58:29 | INFO     | __main__ | Processing sample 800/4319...
2026-04-25 21:59:27 | INFO     | __main__ | Processing sample 850/4319...
2026-04-25 22:00:13 | INFO     | __main__ | Processing sample 900/4319...
2026-04-25 22:00:57 | INFO     | __main__ | Processing sample 950/4319...
2026-04-25 22:01:57 | INFO     | __main__ | Processing sample 1000/4319...
2026-04-25 22:03:15 | INFO     | __main__ | Processing sample 1050/4319...
2026-04-25 22:04:09 | INFO     | __main__ | Processing sample 1100/4319...
2026-04-25 22:05:03 | INFO     | __main__ | Processing sample 1150/4319...
2026-04-25 22:05:45 | INFO     | __main__ | Processing sample 1200/4319...
2026-04-25 22:06:20 | INFO     | __main__ | Processing sample 1250/4319...
2026-04-25 22:06:55 | INFO     | __main__ | Processing sample 1300/4319...
2026-04-25 22:07:31 | INFO     | __main__ | Processing sample 1350/4319...
2026-04-25 22:07:59 | INFO     | __main__ | Processing sample 1400/4319...
2026-04-25 22:08:32 | INFO     | __main__ | Processing sample 1450/4319...
2026-04-25 22:09:00 | INFO     | __main__ | Processing sample 1500/4319...
2026-04-25 22:09:43 | INFO     | __main__ | Processing sample 1550/4319...
2026-04-25 22:10:15 | INFO     | __main__ | Processing sample 1600/4319...
2026-04-25 22:10:44 | INFO     | __main__ | Processing sample 1650/4319...
2026-04-25 22:11:15 | INFO     | __main__ | Processing sample 1700/4319...
2026-04-25 22:11:48 | INFO     | __main__ | Processing sample 1750/4319...
2026-04-25 22:12:18 | INFO     | __main__ | Processing sample 1800/4319...
2026-04-25 22:12:46 | INFO     | __main__ | Processing sample 1850/4319...
2026-04-25 22:13:18 | INFO     | __main__ | Processing sample 1900/4319...
2026-04-25 22:13:50 | INFO     | __main__ | Processing sample 1950/4319...
2026-04-25 22:14:23 | INFO     | __main__ | Processing sample 2000/4319...
2026-04-25 22:14:51 | INFO     | __main__ | Processing sample 2050/4319...
2026-04-25 22:15:19 | INFO     | __main__ | Processing sample 2100/4319...
2026-04-25 22:15:51 | INFO     | __main__ | Processing sample 2150/4319...
2026-04-25 22:16:23 | INFO     | __main__ | Processing sample 2200/4319...
2026-04-25 22:16:51 | INFO     | __main__ | Processing sample 2250/4319...
2026-04-25 22:17:18 | INFO     | __main__ | Processing sample 2300/4319...
2026-04-25 22:17:47 | INFO     | __main__ | Processing sample 2350/4319...
2026-04-25 22:18:29 | INFO     | __main__ | Processing sample 2400/4319...
2026-04-25 22:19:05 | INFO     | __main__ | Processing sample 2450/4319...
2026-04-25 22:19:45 | INFO     | __main__ | Processing sample 2500/4319...
2026-04-25 22:20:22 | INFO     | __main__ | Processing sample 2550/4319...
2026-04-25 22:21:00 | INFO     | __main__ | Processing sample 2600/4319...
2026-04-25 22:21:45 | INFO     | __main__ | Processing sample 2650/4319...
2026-04-25 22:22:18 | INFO     | __main__ | Processing sample 2700/4319...
2026-04-25 22:22:49 | INFO     | __main__ | Processing sample 2750/4319...
2026-04-25 22:23:17 | INFO     | __main__ | Processing sample 2800/4319...
2026-04-25 22:23:45 | INFO     | __main__ | Processing sample 2850/4319...
2026-04-25 22:24:18 | INFO     | __main__ | Processing sample 2900/4319...
2026-04-25 22:25:00 | INFO     | __main__ | Processing sample 2950/4319...
2026-04-25 22:25:29 | INFO     | __main__ | Processing sample 3000/4319...
2026-04-25 22:26:11 | INFO     | __main__ | Processing sample 3050/4319...
2026-04-25 22:26:43 | INFO     | __main__ | Processing sample 3100/4319...
2026-04-25 22:27:18 | INFO     | __main__ | Processing sample 3150/4319...
2026-04-25 22:27:47 | INFO     | __main__ | Processing sample 3200/4319...
2026-04-25 22:28:16 | INFO     | __main__ | Processing sample 3250/4319...
2026-04-25 22:28:52 | INFO     | __main__ | Processing sample 3300/4319...
2026-04-25 22:29:22 | INFO     | __main__ | Processing sample 3350/4319...
2026-04-25 22:29:50 | INFO     | __main__ | Processing sample 3400/4319...
2026-04-25 22:30:19 | INFO     | __main__ | Processing sample 3450/4319...
2026-04-25 22:30:56 | INFO     | __main__ | Processing sample 3500/4319...
2026-04-25 22:31:25 | INFO     | __main__ | Processing sample 3550/4319...
2026-04-25 22:31:55 | INFO     | __main__ | Processing sample 3600/4319...
2026-04-25 22:32:24 | INFO     | __main__ | Processing sample 3650/4319...
2026-04-25 22:32:56 | INFO     | __main__ | Processing sample 3700/4319...
2026-04-25 22:33:24 | INFO     | __main__ | Processing sample 3750/4319...
2026-04-25 22:33:52 | INFO     | __main__ | Processing sample 3800/4319...
2026-04-25 22:34:31 | INFO     | __main__ | Processing sample 3850/4319...
2026-04-25 22:35:01 | INFO     | __main__ | Processing sample 3900/4319...
2026-04-25 22:35:31 | INFO     | __main__ | Processing sample 3950/4319...
2026-04-25 22:36:03 | INFO     | __main__ | Processing sample 4000/4319...
2026-04-25 22:36:34 | INFO     | __main__ | Processing sample 4050/4319...
2026-04-25 22:37:25 | INFO     | __main__ | Processing sample 4100/4319...
2026-04-25 22:37:54 | INFO     | __main__ | Processing sample 4150/4319...
2026-04-25 22:38:23 | INFO     | __main__ | Processing sample 4200/4319...
2026-04-25 22:38:52 | INFO     | __main__ | Processing sample 4250/4319...
2026-04-25 22:39:30 | INFO     | __main__ | Processing sample 4300/4319...
2026-04-25 22:39:41 | INFO     | experiment.intervention_gemma_vl | Experiment summary: {
  "model": "gemma_vl",
  "decomp_source": "results/decomposition/gemma_vl/vizwiz.jsonl",
  "n_samples": 4319
}
2026-04-25 22:39:41 | INFO     | experiment.intervention_gemma_vl | Summary saved to results/intervention/gemma_vl/vizwiz.summary.json
2026-04-25 22:39:41 | INFO     | __main__ | Done. Results saved to: results/intervention/gemma_vl/vizwiz.jsonl
