2026-04-25 21:42:29 | INFO     | src.utils.seed_control | Global seed set to 42
2026-04-25 21:42:29 | INFO     | src.utils.seed_control | NumPy seed set.
2026-04-25 21:42:29 | INFO     | src.utils.seed_control | PyTorch seed set.
2026-04-25 21:42:33 | INFO     | src.utils.seed_control | HuggingFace transformers seed set.
2026-04-25 21:42:33 | INFO     | __main__ | === Matched Intervention Run: model=gemma_vl ===
2026-04-25 21:42:33 | INFO     | __main__ | Loading decomposition results from results/decomposition/gemma_vl/vsr.jsonl
2026-04-25 21:42:33 | INFO     | __main__ | Loaded 340 decomposition results
2026-04-25 21:42:33 | INFO     | __main__ | Loading model: gemma_vl
2026-04-25 21:42:33 | INFO     | src.models.gemma_vl | Loading Gemma 4 model: /home/models/gemma-4-E4B-it
2026-04-25 21:42:33 | INFO     | src.models.gemma_vl | Pinning model to cuda:3
2026-04-25 21:42:41 | INFO     | src.models.gemma_vl | Gemma 4 loaded. model=/home/models/gemma-4-E4B-it, device=cuda:3, dtype=bfloat16
2026-04-25 21:42:41 | INFO     | __main__ | Model loaded.
2026-04-25 21:42:41 | INFO     | experiment.intervention_gemma_vl | ExperimentLogger initialized: results/intervention/gemma_vl/vsr.jsonl (experiment='intervention_gemma_vl')
2026-04-25 21:42:41 | INFO     | __main__ | Processing sample 0/340...
2026-04-25 21:43:05 | INFO     | __main__ | Processing sample 50/340...
2026-04-25 21:43:27 | INFO     | __main__ | Processing sample 100/340...
2026-04-25 21:43:49 | INFO     | __main__ | Processing sample 150/340...
2026-04-25 21:44:13 | INFO     | __main__ | Processing sample 200/340...
2026-04-25 21:44:36 | INFO     | __main__ | Processing sample 250/340...
2026-04-25 21:45:00 | INFO     | __main__ | Processing sample 300/340...
2026-04-25 21:45:19 | INFO     | experiment.intervention_gemma_vl | Experiment summary: {
  "model": "gemma_vl",
  "decomp_source": "results/decomposition/gemma_vl/vsr.jsonl",
  "n_samples": 340
}
2026-04-25 21:45:19 | INFO     | experiment.intervention_gemma_vl | Summary saved to results/intervention/gemma_vl/vsr.summary.json
2026-04-25 21:45:19 | INFO     | __main__ | Done. Results saved to: results/intervention/gemma_vl/vsr.jsonl
