2026-05-01 14:01:05 | INFO     | src.utils.seed_control | Global seed set to 42
2026-05-01 14:01:05 | INFO     | src.utils.seed_control | NumPy seed set.
2026-05-01 14:01:05 | INFO     | src.utils.seed_control | PyTorch seed set.
2026-05-01 14:01:09 | INFO     | src.utils.seed_control | HuggingFace transformers seed set.
2026-05-01 14:01:09 | INFO     | __main__ | === Identifiability Run: dataset=hallusionbench, model=gemma_vl, intervention=language_ruined ===
2026-05-01 14:01:09 | INFO     | src.data.loaders.base | [HallusionBenchLoader] Loaded 951 samples (split=all)
2026-05-01 14:01:09 | INFO     | __main__ | Loaded 951 samples.
2026-05-01 14:01:09 | INFO     | src.models.gemma_vl | Loading Gemma 4 model: /home/models/gemma-4-E4B-it
2026-05-01 14:01:09 | INFO     | src.models.gemma_vl | Pinning model to cuda:0
2026-05-01 14:02:37 | INFO     | src.models.gemma_vl | Gemma 4 loaded. model=/home/models/gemma-4-E4B-it, device=cuda:0, dtype=bfloat16
2026-05-01 14:02:37 | INFO     | __main__ | Model loaded.
2026-05-01 14:02:37 | INFO     | experiment.identifiability_language_ruined_hallusionbench_gemma_vl | ExperimentLogger initialized: results/identifiability/language_ruined/gemma_vl/hallusionbench.jsonl (experiment='identifiability_language_ruined_hallusionbench_gemma_vl')
2026-05-01 14:02:37 | INFO     | __main__ | Processing sample 0/951...
2026-05-01 14:06:19 | INFO     | __main__ | Processing sample 50/951...
2026-05-01 14:09:59 | INFO     | __main__ | Processing sample 100/951...
2026-05-01 14:13:19 | INFO     | __main__ | Processing sample 150/951...
2026-05-01 14:16:29 | INFO     | __main__ | Processing sample 200/951...
2026-05-01 14:19:33 | INFO     | __main__ | Processing sample 250/951...
2026-05-01 14:22:01 | INFO     | __main__ | Processing sample 300/951...
2026-05-01 14:24:13 | INFO     | __main__ | Processing sample 350/951...
2026-05-01 14:26:42 | INFO     | __main__ | Processing sample 400/951...
2026-05-01 14:29:03 | INFO     | __main__ | Processing sample 450/951...
2026-05-01 14:31:19 | INFO     | __main__ | Processing sample 500/951...
2026-05-01 14:33:47 | INFO     | __main__ | Processing sample 550/951...
2026-05-01 14:36:16 | INFO     | __main__ | Processing sample 600/951...
2026-05-01 14:38:37 | INFO     | __main__ | Processing sample 650/951...
2026-05-01 14:41:02 | INFO     | __main__ | Processing sample 700/951...
2026-05-01 14:43:19 | INFO     | __main__ | Processing sample 750/951...
2026-05-01 14:45:31 | INFO     | __main__ | Processing sample 800/951...
2026-05-01 14:47:46 | INFO     | __main__ | Processing sample 850/951...
2026-05-01 14:50:25 | INFO     | __main__ | Processing sample 900/951...
2026-05-01 14:53:02 | INFO     | __main__ | Processing sample 950/951...
2026-05-01 14:53:05 | INFO     | experiment.identifiability_language_ruined_hallusionbench_gemma_vl | Experiment summary: {
  "dataset": "hallusionbench",
  "model": "gemma_vl",
  "intervention": "language_ruined",
  "n_samples": 951
}
2026-05-01 14:53:05 | INFO     | experiment.identifiability_language_ruined_hallusionbench_gemma_vl | Summary saved to results/identifiability/language_ruined/gemma_vl/hallusionbench.summary.json
2026-05-01 14:53:05 | INFO     | __main__ | Done. Results saved to: results/identifiability/language_ruined/gemma_vl/hallusionbench.jsonl
