2026-05-04 03:55:35 | INFO     | src.utils.seed_control | Global seed set to 42
2026-05-04 03:55:35 | INFO     | src.utils.seed_control | NumPy seed set.
2026-05-04 03:55:35 | INFO     | src.utils.seed_control | PyTorch seed set.
2026-05-04 03:55:38 | INFO     | src.utils.seed_control | HuggingFace transformers seed set.
2026-05-04 03:55:38 | INFO     | __main__ | === Identifiability Run: dataset=vsr, model=gemma_vl, intervention=language_ruined ===
2026-05-04 03:55:38 | INFO     | src.data.loaders.base | [VSRLoader] Loaded 340 samples (split=dev)
2026-05-04 03:55:38 | INFO     | __main__ | Loaded 340 samples.
2026-05-04 03:55:38 | INFO     | src.models.gemma_vl | Loading Gemma 4 model: /home/models/gemma-4-E4B-it
2026-05-04 03:55:38 | INFO     | src.models.gemma_vl | Pinning model to cuda:1
2026-05-04 03:55:45 | INFO     | src.models.gemma_vl | Gemma 4 loaded. model=/home/models/gemma-4-E4B-it, device=cuda:1, dtype=bfloat16
2026-05-04 03:55:45 | INFO     | __main__ | Model loaded.
2026-05-04 03:55:45 | INFO     | experiment.identifiability_language_ruined_vsr_gemma_vl | ExperimentLogger initialized: results/identifiability/language_ruined/gemma_vl/vsr.jsonl (experiment='identifiability_language_ruined_vsr_gemma_vl')
2026-05-04 03:55:45 | INFO     | __main__ | Processing sample 0/340...
2026-05-04 03:57:48 | INFO     | __main__ | Processing sample 50/340...
2026-05-04 03:59:53 | INFO     | __main__ | Processing sample 100/340...
2026-05-04 04:01:59 | INFO     | __main__ | Processing sample 150/340...
2026-05-04 04:04:02 | INFO     | __main__ | Processing sample 200/340...
2026-05-04 04:06:05 | INFO     | __main__ | Processing sample 250/340...
2026-05-04 04:08:11 | INFO     | __main__ | Processing sample 300/340...
2026-05-04 04:09:50 | INFO     | experiment.identifiability_language_ruined_vsr_gemma_vl | Experiment summary: {
  "dataset": "vsr",
  "model": "gemma_vl",
  "intervention": "language_ruined",
  "n_samples": 340
}
2026-05-04 04:09:50 | INFO     | experiment.identifiability_language_ruined_vsr_gemma_vl | Summary saved to results/identifiability/language_ruined/gemma_vl/vsr.summary.json
2026-05-04 04:09:50 | INFO     | __main__ | Done. Results saved to: results/identifiability/language_ruined/gemma_vl/vsr.jsonl
