2026-05-05 09:55:11 | INFO     | src.utils.seed_control | Global seed set to 42
2026-05-05 09:55:11 | INFO     | src.utils.seed_control | NumPy seed set.
2026-05-05 09:55:11 | INFO     | src.utils.seed_control | PyTorch seed set.
2026-05-05 09:55:14 | INFO     | src.utils.seed_control | HuggingFace transformers seed set.
2026-05-05 09:55:14 | INFO     | __main__ | === Identifiability Run: dataset=hallusionbench, model=llava_vicuna, intervention=alignment_ruined ===
2026-05-05 09:55:14 | INFO     | src.data.loaders.base | [HallusionBenchLoader] Loaded 951 samples (split=all)
2026-05-05 09:55:14 | INFO     | __main__ | Loaded 951 samples.
2026-05-05 09:55:14 | INFO     | src.models.llava_vicuna | Loading LLaVA-1.6-Vicuna model: /home/models/llava-v1.6-vicuna-7b-hf
2026-05-05 09:55:14 | INFO     | src.models.llava_vicuna | Pinning model to cuda:1
2026-05-05 09:56:46 | INFO     | src.models.llava_vicuna | LLaVA-1.6-Vicuna loaded. model=/home/models/llava-v1.6-vicuna-7b-hf, device=cuda:1, dtype=float16
2026-05-05 09:56:46 | INFO     | __main__ | Model loaded.
2026-05-05 09:56:46 | INFO     | experiment.identifiability_alignment_ruined_hallusionbench_llava_vicuna | ExperimentLogger initialized: results/identifiability/alignment_ruined/llava_vicuna/hallusionbench.jsonl (experiment='identifiability_alignment_ruined_hallusionbench_llava_vicuna')
2026-05-05 09:56:46 | INFO     | __main__ | Processing sample 0/951...
2026-05-05 10:00:08 | INFO     | __main__ | Processing sample 50/951...
2026-05-05 10:03:27 | INFO     | __main__ | Processing sample 100/951...
2026-05-05 10:07:15 | INFO     | __main__ | Processing sample 150/951...
2026-05-05 10:10:10 | INFO     | __main__ | Processing sample 200/951...
2026-05-05 10:13:03 | INFO     | __main__ | Processing sample 250/951...
2026-05-05 10:16:14 | INFO     | __main__ | Processing sample 300/951...
2026-05-05 10:18:53 | INFO     | __main__ | Processing sample 350/951...
2026-05-05 10:21:55 | INFO     | __main__ | Processing sample 400/951...
2026-05-05 10:24:52 | INFO     | __main__ | Processing sample 450/951...
2026-05-05 10:27:53 | INFO     | __main__ | Processing sample 500/951...
2026-05-05 10:31:06 | INFO     | __main__ | Processing sample 550/951...
2026-05-05 10:34:11 | INFO     | __main__ | Processing sample 600/951...
2026-05-05 10:37:24 | INFO     | __main__ | Processing sample 650/951...
2026-05-05 10:40:23 | INFO     | __main__ | Processing sample 700/951...
2026-05-05 10:43:06 | INFO     | __main__ | Processing sample 750/951...
2026-05-05 10:45:51 | INFO     | __main__ | Processing sample 800/951...
2026-05-05 10:48:50 | INFO     | __main__ | Processing sample 850/951...
2026-05-05 10:51:24 | INFO     | __main__ | Processing sample 900/951...
2026-05-05 10:53:58 | INFO     | __main__ | Processing sample 950/951...
2026-05-05 10:54:01 | INFO     | experiment.identifiability_alignment_ruined_hallusionbench_llava_vicuna | Experiment summary: {
  "dataset": "hallusionbench",
  "model": "llava_vicuna",
  "intervention": "alignment_ruined",
  "n_samples": 951
}
2026-05-05 10:54:01 | INFO     | experiment.identifiability_alignment_ruined_hallusionbench_llava_vicuna | Summary saved to results/identifiability/alignment_ruined/llava_vicuna/hallusionbench.summary.json
2026-05-05 10:54:01 | INFO     | __main__ | Done. Results saved to: results/identifiability/alignment_ruined/llava_vicuna/hallusionbench.jsonl
