2026-05-05 20:19:11 | INFO     | src.utils.seed_control | Global seed set to 42
2026-05-05 20:19:11 | INFO     | src.utils.seed_control | NumPy seed set.
2026-05-05 20:19:11 | INFO     | src.utils.seed_control | PyTorch seed set.
2026-05-05 20:19:14 | INFO     | src.utils.seed_control | HuggingFace transformers seed set.
2026-05-05 20:19:14 | INFO     | __main__ | === Identifiability Run: dataset=vsr, model=llava_vicuna, intervention=alignment_ruined ===
2026-05-05 20:19:14 | INFO     | src.data.loaders.base | [VSRLoader] Loaded 340 samples (split=dev)
2026-05-05 20:19:14 | INFO     | __main__ | Loaded 340 samples.
2026-05-05 20:19:14 | INFO     | src.models.llava_vicuna | Loading LLaVA-1.6-Vicuna model: /home/models/llava-v1.6-vicuna-7b-hf
2026-05-05 20:19:14 | INFO     | src.models.llava_vicuna | Pinning model to cuda:1
2026-05-05 20:19:18 | INFO     | src.models.llava_vicuna | LLaVA-1.6-Vicuna loaded. model=/home/models/llava-v1.6-vicuna-7b-hf, device=cuda:1, dtype=float16
2026-05-05 20:19:18 | INFO     | __main__ | Model loaded.
2026-05-05 20:19:18 | INFO     | experiment.identifiability_alignment_ruined_vsr_llava_vicuna | ExperimentLogger initialized: results/identifiability/alignment_ruined/llava_vicuna/vsr.jsonl (experiment='identifiability_alignment_ruined_vsr_llava_vicuna')
2026-05-05 20:19:18 | INFO     | __main__ | Processing sample 0/340...
2026-05-05 20:22:09 | INFO     | __main__ | Processing sample 50/340...
2026-05-05 20:24:58 | INFO     | __main__ | Processing sample 100/340...
2026-05-05 20:27:52 | INFO     | __main__ | Processing sample 150/340...
2026-05-05 20:30:41 | INFO     | __main__ | Processing sample 200/340...
2026-05-05 20:33:28 | INFO     | __main__ | Processing sample 250/340...
2026-05-05 20:36:19 | INFO     | __main__ | Processing sample 300/340...
2026-05-05 20:38:36 | INFO     | experiment.identifiability_alignment_ruined_vsr_llava_vicuna | Experiment summary: {
  "dataset": "vsr",
  "model": "llava_vicuna",
  "intervention": "alignment_ruined",
  "n_samples": 340
}
2026-05-05 20:38:36 | INFO     | experiment.identifiability_alignment_ruined_vsr_llava_vicuna | Summary saved to results/identifiability/alignment_ruined/llava_vicuna/vsr.summary.json
2026-05-05 20:38:36 | INFO     | __main__ | Done. Results saved to: results/identifiability/alignment_ruined/llava_vicuna/vsr.jsonl
